WARNING: module-info.class ignored in patch: /home/michalis/.sdkman/candidates/tornadovm/7.2.0-jdk22plus-cuda/share/java/jvmci/jvmci-21.0.2.jar
size=4096 stages=6 executions=50 mode=both

=== NOGRAPH (plain execute) ===
WARNING: A terminally deprecated method in sun.misc.Unsafe has been called
WARNING: sun.misc.Unsafe::objectFieldOffset has been called by uk.ac.manchester.tornado.runtime.TornadoVMConfigAccess (file:/home/michalis/.sdkman/candidates/tornadovm/7.2.0-jdk22plus-cuda/share/java/tornado/tornado-runtime-7.2.0.jar)
WARNING: Please consider reporting this to the maintainers of class uk.ac.manchester.tornado.runtime.TornadoVMConfigAccess
WARNING: sun.misc.Unsafe::objectFieldOffset will be removed in a future release
execution 0: correct, wall=115372 us
execution 1: correct, wall=620 us
execution 2: correct, wall=515 us
execution 49: correct, wall=164 us
NOGRAPH (plain execute) first execution (JIT compile): 115372 us
NOGRAPH (plain execute) steady-state median wall-clock (excl. first execution, n=49): 274 us
NOGRAPH (plain execute): All executions correct

=== GRAPH (withCUDAGraph) ===
execution 0: correct, wall=34746 us
execution 1: correct, wall=82 us
execution 2: correct, wall=46 us
execution 49: correct, wall=34 us
GRAPH (withCUDAGraph) first execution (JIT compile + graph capture): 34746 us
GRAPH (withCUDAGraph) steady-state median wall-clock (excl. first execution, n=49): 35 us
GRAPH (withCUDAGraph): All executions correct

steady-state median: nograph=274.2 us, graph=35.1 us, speedup=7.82x
