WARNING: CPU IP/backtrace sampling not supported, disabling.
Try the 'nsys status --environment' command to learn more.

WARNING: CPU context switch tracing not supported, disabling.
Try the 'nsys status --environment' command to learn more.

Integrated CUDA showcase: units=6 m=8 n=8 executions=20 mode=all
Pipeline per unit: JIT scale -> cuBLAS sgemv -> JIT bias (demo 04's shape x 6 independent chains, one TaskGraph)

=== BASELINE (single stream, no graph) ===
execution 0: correct, wall=186550 us
execution 1: correct, wall=1160 us
execution 2: correct, wall=1084 us
execution 3: correct, wall=1032 us
execution 4: correct, wall=900 us
execution 5: correct, wall=903 us
execution 6: correct, wall=934 us
execution 7: correct, wall=952 us
execution 8: correct, wall=770 us
execution 9: correct, wall=714 us
execution 10: correct, wall=2233 us
execution 11: correct, wall=663 us
execution 12: correct, wall=689 us
execution 13: correct, wall=751 us
execution 14: correct, wall=669 us
execution 15: correct, wall=760 us
execution 16: correct, wall=576 us
execution 17: correct, wall=578 us
execution 18: correct, wall=739 us
execution 19: correct, wall=667 us
BASELINE (single stream, no graph) first execution (JIT/capture): 186550 us
BASELINE (single stream, no graph) steady-state median wall-clock (n=19): 770 us
BASELINE (single stream, no graph): All executions correct

=== CONCURRENT (withIntraPlanConcurrency) ===
execution 0: correct, wall=40301 us
execution 1: correct, wall=1475 us
execution 2: correct, wall=1086 us
execution 3: correct, wall=994 us
execution 4: correct, wall=948 us
execution 5: correct, wall=923 us
execution 6: correct, wall=986 us
execution 7: correct, wall=928 us
execution 8: correct, wall=964 us
execution 9: correct, wall=912 us
execution 10: correct, wall=881 us
execution 11: correct, wall=953 us
execution 12: correct, wall=1238 us
execution 13: correct, wall=972 us
execution 14: correct, wall=856 us
execution 15: correct, wall=790 us
execution 16: correct, wall=729 us
execution 17: correct, wall=846 us
execution 18: correct, wall=798 us
execution 19: correct, wall=877 us
CONCURRENT (withIntraPlanConcurrency) first execution (JIT/capture): 40301 us
CONCURRENT (withIntraPlanConcurrency) steady-state median wall-clock (n=19): 948 us
CONCURRENT (withIntraPlanConcurrency): All executions correct

=== GRAPH (withCUDAGraph) ===
execution 0: correct, wall=29898 us
execution 1: correct, wall=194 us
execution 2: correct, wall=192 us
execution 3: correct, wall=157 us
execution 4: correct, wall=157 us
execution 5: correct, wall=155 us
execution 6: correct, wall=154 us
execution 7: correct, wall=176 us
execution 8: correct, wall=149 us
execution 9: correct, wall=160 us
execution 10: correct, wall=159 us
execution 11: correct, wall=148 us
execution 12: correct, wall=152 us
execution 13: correct, wall=151 us
execution 14: correct, wall=149 us
execution 15: correct, wall=156 us
execution 16: correct, wall=159 us
execution 17: correct, wall=151 us
execution 18: correct, wall=171 us
execution 19: correct, wall=143 us
GRAPH (withCUDAGraph) first execution (JIT/capture): 29898 us
GRAPH (withCUDAGraph) steady-state median wall-clock (n=19): 157 us
GRAPH (withCUDAGraph): All executions correct

=== COMBINED-EXPERIMENTAL (withCUDAGraph + withIntraPlanConcurrency) ===
execution 0: correct, wall=28517 us
execution 1: correct, wall=415 us
execution 2: correct, wall=261 us
execution 3: correct, wall=262 us
execution 4: correct, wall=251 us
execution 5: correct, wall=320 us
execution 6: correct, wall=260 us
execution 7: correct, wall=250 us
execution 8: correct, wall=253 us
execution 9: correct, wall=284 us
execution 10: correct, wall=257 us
execution 11: correct, wall=264 us
execution 12: correct, wall=272 us
execution 13: correct, wall=258 us
execution 14: correct, wall=257 us
execution 15: correct, wall=256 us
execution 16: correct, wall=257 us
execution 17: correct, wall=261 us
execution 18: correct, wall=266 us
execution 19: correct, wall=250 us
COMBINED-EXPERIMENTAL (withCUDAGraph + withIntraPlanConcurrency) first execution (JIT/capture): 28517 us
COMBINED-EXPERIMENTAL (withCUDAGraph + withIntraPlanConcurrency) steady-state median wall-clock (n=19): 261 us
COMBINED-EXPERIMENTAL (withCUDAGraph + withIntraPlanConcurrency): All executions correct

=== Summary (steady-state median us, this run/this GPU) ===
baseline   : 770.0
concurrent : 948.0 (0.81x vs baseline)
graph      : 157.0 (4.90x vs baseline)
combined   : 261.0 (2.95x vs baseline)

=== BONUS: Tensor Core mma.sync single-tile GEMM (demo 08 kernel, reused) ===
Tensor Core tile validation: PASSED (max abs err 0.00000, 0/128 cells out of tol)
Collecting data...
Generating '/tmp/nsys-report-1749.qdstrm'
[1/1] [0%                          ] showcase-nsys.nsys-rep[1/1] [0%                          ] showcase-nsys.nsys-rep[1/1] [0%                          ] showcase-nsys.nsys-rep[1/1] [=====31%                    ] showcase-nsys.nsys-rep[1/1] [=============58%            ] showcase-nsys.nsys-rep[1/1] [======================91%   ] showcase-nsys.nsys-rep[1/1] [======================92%   ] showcase-nsys.nsys-rep[1/1] [=======================94%  ] showcase-nsys.nsys-rep[1/1] [========================100%] showcase-nsys.nsys-rep[1/1] [========================100%] showcase-nsys.nsys-rep
Generated:
    /home/michalis/tornadovm-devoxx2026-cuda-demos/results/raw/11-integrated-showcase/showcase-nsys.nsys-rep
