WARNING: module-info.class ignored in patch: /home/michalis/.sdkman/candidates/tornadovm/6.0.0-jdk22plus-cuda/share/java/jvmci/jvmci-21.0.2.jar
WARNING: A terminally deprecated method in sun.misc.Unsafe has been called
WARNING: sun.misc.Unsafe::objectFieldOffset has been called by uk.ac.manchester.tornado.runtime.TornadoVMConfigAccess (file:/home/michalis/.sdkman/candidates/tornadovm/6.0.0-jdk22plus-cuda/share/java/tornado/tornado-runtime-6.0.0.jar)
WARNING: Please consider reporting this to the maintainers of class uk.ac.manchester.tornado.runtime.TornadoVMConfigAccess
WARNING: sun.misc.Unsafe::objectFieldOffset will be removed in a future release
CUTLASS fused epilogue demo: C[512x512] = relu(scale(A[512x512]) * B[512x512] + bias), fp16
  5 executions per mode, steady-state median reported (first execution excluded)

=== FUSED (CUTLASS gemmBiasRelu — one kernel) ===
WARNING: A restricted method in java.lang.System has been called
WARNING: java.lang.System::loadLibrary has been called by uk.ac.manchester.tornado.cutlass.provider.CutlassNativeLib in module tornado.cutlass (file:/home/michalis/.sdkman/candidates/tornadovm/6.0.0-jdk22plus-cuda/share/java/tornado/tornado-cutlass-6.0.0.jar)
WARNING: Use --enable-native-access=tornado.cutlass to avoid a warning for callers in this module
WARNING: Restricted methods will be blocked in a future release unless native access is enabled

  first execution (JIT compile + CUTLASS plan setup): 92631 us
  steady-state median wall-clock (n=4): 221 us
  [fused  ] validation PASSED (max abs err 0.00391, 0/262144 cells out of tol)

=== UNFUSED (CUTLASS hgemm + JIT bias/ReLU — two kernels) ===
  first execution (JIT compile + CUTLASS plan setup): 31134 us
  steady-state median wall-clock (n=4): 274 us
  [unfused] validation PASSED (max abs err 0.00391, 0/262144 cells out of tol)

=== Summary (steady-state median us, this run/this GPU) ===
fused   : 221
unfused : 274 (1.24x the fused time)
Both modes produce the same, correct result
