WARNING: module-info.class ignored in patch: /home/michalis/.sdkman/candidates/tornadovm/7.0.0-jdk22plus-cuda/share/java/jvmci/jvmci-21.0.2.jar
units=8 unitSize=32768 innerIterations=65536 executions=8 mode=both

=== SEQUENTIAL (single stream) ===
WARNING: A terminally deprecated method in sun.misc.Unsafe has been called
WARNING: sun.misc.Unsafe::objectFieldOffset has been called by uk.ac.manchester.tornado.runtime.TornadoVMConfigAccess (file:/home/michalis/.sdkman/candidates/tornadovm/7.0.0-jdk22plus-cuda/share/java/tornado/tornado-runtime-7.0.0.jar)
WARNING: Please consider reporting this to the maintainers of class uk.ac.manchester.tornado.runtime.TornadoVMConfigAccess
WARNING: sun.misc.Unsafe::objectFieldOffset will be removed in a future release
execution 0: correct, wall=136364 us
execution 1: correct, wall=1471 us
execution 2: correct, wall=1308 us
execution 3: correct, wall=1322 us
execution 4: correct, wall=1294 us
execution 5: correct, wall=1270 us
execution 6: correct, wall=1277 us
execution 7: correct, wall=1259 us
SEQUENTIAL (single stream) median wall-clock (all 8 executions incl. first/JIT): 1308 us
SEQUENTIAL (single stream) median wall-clock (excl. first execution): 1308 us
SEQUENTIAL (single stream): All executions correct

=== CONCURRENT (withIntraPlanConcurrency) ===
execution 0: correct, wall=55789 us
execution 1: correct, wall=1015 us
execution 2: correct, wall=976 us
execution 3: correct, wall=1118 us
execution 4: correct, wall=866 us
execution 5: correct, wall=890 us
execution 6: correct, wall=768 us
execution 7: correct, wall=1128 us
CONCURRENT (withIntraPlanConcurrency) median wall-clock (all 8 executions incl. first/JIT): 1015 us
CONCURRENT (withIntraPlanConcurrency) median wall-clock (excl. first execution): 1015 us
CONCURRENT (withIntraPlanConcurrency): All executions correct
