WARNING: module-info.class ignored in patch: /home/michalis/.sdkman/candidates/tornadovm/7.0.0-jdk22plus-cuda/share/java/jvmci/jvmci-21.0.2.jar
units=8 unitSize=32768 innerIterations=65536 executions=8 mode=both

=== SEQUENTIAL (single stream) ===
WARNING: A terminally deprecated method in sun.misc.Unsafe has been called
WARNING: sun.misc.Unsafe::objectFieldOffset has been called by uk.ac.manchester.tornado.runtime.TornadoVMConfigAccess (file:/home/michalis/.sdkman/candidates/tornadovm/7.0.0-jdk22plus-cuda/share/java/tornado/tornado-runtime-7.0.0.jar)
WARNING: Please consider reporting this to the maintainers of class uk.ac.manchester.tornado.runtime.TornadoVMConfigAccess
WARNING: sun.misc.Unsafe::objectFieldOffset will be removed in a future release
execution 0: correct, wall=136273 us
execution 1: correct, wall=1564 us
execution 2: correct, wall=1330 us
execution 3: correct, wall=1364 us
execution 4: correct, wall=1276 us
execution 5: correct, wall=1263 us
execution 6: correct, wall=1253 us
execution 7: correct, wall=1272 us
SEQUENTIAL (single stream) median wall-clock (all 8 executions incl. first/JIT): 1330 us
SEQUENTIAL (single stream) median wall-clock (excl. first execution): 1330 us
SEQUENTIAL (single stream): All executions correct

=== CONCURRENT (withIntraPlanConcurrency) ===
execution 0: correct, wall=56297 us
execution 1: correct, wall=913 us
execution 2: correct, wall=892 us
execution 3: correct, wall=1016 us
execution 4: correct, wall=928 us
execution 5: correct, wall=857 us
execution 6: correct, wall=686 us
execution 7: correct, wall=1126 us
CONCURRENT (withIntraPlanConcurrency) median wall-clock (all 8 executions incl. first/JIT): 928 us
CONCURRENT (withIntraPlanConcurrency) median wall-clock (excl. first execution): 928 us
CONCURRENT (withIntraPlanConcurrency): All executions correct
