WARNING: module-info.class ignored in patch: /home/michalis/.sdkman/candidates/tornadovm/7.2.0-jdk22plus-cuda/share/java/jvmci/jvmci-21.0.2.jar
units=8 unitSize=32768 innerIterations=65536 executions=8 mode=both

=== SEQUENTIAL (single stream) ===
WARNING: A terminally deprecated method in sun.misc.Unsafe has been called
WARNING: sun.misc.Unsafe::objectFieldOffset has been called by uk.ac.manchester.tornado.runtime.TornadoVMConfigAccess (file:/home/michalis/.sdkman/candidates/tornadovm/7.2.0-jdk22plus-cuda/share/java/tornado/tornado-runtime-7.2.0.jar)
WARNING: Please consider reporting this to the maintainers of class uk.ac.manchester.tornado.runtime.TornadoVMConfigAccess
WARNING: sun.misc.Unsafe::objectFieldOffset will be removed in a future release
execution 0: correct, wall=142528 us
execution 1: correct, wall=1413 us
execution 2: correct, wall=1345 us
execution 3: correct, wall=1270 us
execution 4: correct, wall=1262 us
execution 5: correct, wall=1253 us
execution 6: correct, wall=1269 us
execution 7: correct, wall=1224 us
SEQUENTIAL (single stream) median wall-clock (all 8 executions incl. first/JIT): 1270 us
SEQUENTIAL (single stream) median wall-clock (excl. first execution): 1270 us
SEQUENTIAL (single stream): All executions correct

=== CONCURRENT (withIntraPlanConcurrency) ===
execution 0: correct, wall=59447 us
execution 1: correct, wall=870 us
execution 2: correct, wall=806 us
execution 3: correct, wall=1008 us
execution 4: correct, wall=733 us
execution 5: correct, wall=916 us
execution 6: correct, wall=671 us
execution 7: correct, wall=1126 us
CONCURRENT (withIntraPlanConcurrency) median wall-clock (all 8 executions incl. first/JIT): 916 us
CONCURRENT (withIntraPlanConcurrency) median wall-clock (excl. first execution): 916 us
CONCURRENT (withIntraPlanConcurrency): All executions correct
