Building for sm_89
OK   00-hello-gpu -- compile
OK   00-hello-gpu -- run
OK   01-first-cuda-kernel -- compile
OK   01-first-cuda-kernel -- run
OK   02-cuda-runtime-api -- compile
OK   02-cuda-runtime-api -- run
OK   04-cublas-hybrid -- compile
OK   04-cublas-hybrid -- run
OK   05-cufft-hybrid -- compile
FAIL 05-cufft-hybrid -- run -- no verdict in output (see cuda/05-cufft-hybrid.run.log)
OK   06-cuda-streams -- compile
OK   06-cuda-streams -- run
OK   07-cuda-graph-benefit -- compile
OK   07-cuda-graph-benefit -- run
OK   08-tensor-core-mma -- compile
OK   08-tensor-core-mma -- run
OK   11-integrated-showcase -- compile
OK   11-integrated-showcase -- run
OK   12-cutlass-fused-epilogue -- compile
OK   12-cutlass-fused-epilogue -- run
OK   13-cudnn-jit-convblock -- compile
OK   13-cudnn-jit-convblock -- run
OK   14-warp-async-shared -- compile
OK   14-warp-async-shared -- run
OK   15-kernel-time-comparison -- compile
OK   15-kernel-time-comparison -- run
OK   16-tensor-core-datatypes -- compile
OK   16-tensor-core-datatypes -- run
OK   17-matmul-ladder -- compile
OK   17-matmul-ladder -- run
OK   18-matmul-ladder-fp16 -- compile
OK   18-matmul-ladder-fp16 -- run
OK   19-cutile-matmul -- compile
OK   19-cutile-matmul -- run
OK   20-cutile-hybrid -- compile
OK   20-cutile-hybrid -- run
OK   21-cutile-flash-attention -- compile
OK   21-cutile-flash-attention -- run
OK   22-matmul-ladder-fp16-tile -- compile
OK   22-matmul-ladder-fp16-tile -- run
OK   23-cutile-row-scan -- compile
OK   23-cutile-row-scan -- run
FAIL 24-cutile-histogram -- compile (see cuda/24-cutile-histogram.build.log)
OK   15-kernel-time-comparison/ProbeHeaderAlignment
OK   15-kernel-time-comparison/ProbeJitSpecialisation

== Summary: 43 passed, 2 failed, 0 skipped ==
   logs: cuda
