WARNING: module-info.class ignored in patch: /home/michalis/.sdkman/candidates/tornadovm/7.2.0-jdk22plus-cuda/share/java/jvmci/jvmci-21.0.2.jar
WARNING: A terminally deprecated method in sun.misc.Unsafe has been called
WARNING: sun.misc.Unsafe::objectFieldOffset has been called by uk.ac.manchester.tornado.runtime.TornadoVMConfigAccess (file:/home/michalis/.sdkman/candidates/tornadovm/7.2.0-jdk22plus-cuda/share/java/tornado/tornado-runtime-7.2.0.jar)
WARNING: Please consider reporting this to the maintainers of class uk.ac.manchester.tornado.runtime.TornadoVMConfigAccess
WARNING: sun.misc.Unsafe::objectFieldOffset will be removed in a future release
FP16 matrix-multiply ladder with a CUDA Tile rung: C = A * B, 256x256
  5 executions per rung, steady-state median wall-clock (first excluded)

1. naive @Parallel
[TornadoVM] Warning: The loop bounds will be configured by the GridScheduler. Check the grid by using the flag --threadInfo.
     naive                            PASSED (max abs err 0.0002, 0/65536 out of tol)
2. KernelContext tiled
     KernelContext tiled              PASSED (max abs err 0.0002, 0/65536 out of tol)
3. KernelContext MMA (mma.sync)
     KernelContext MMA                PASSED (max abs err 0.0000, 0/65536 out of tol)
4. TileContext (CUDA Tile, ct::mma)
     TileContext (CUDA Tile)          PASSED (max abs err 0.0000, 0/65536 out of tol)
5. CUTLASS hgemm
WARNING: A restricted method in java.lang.System has been called
WARNING: java.lang.System::loadLibrary has been called by uk.ac.manchester.tornado.cutlass.provider.CutlassNativeLib in module tornado.cutlass (file:/home/michalis/.sdkman/candidates/tornadovm/7.2.0-jdk22plus-cuda/share/java/tornado/tornado-cutlass-7.2.0.jar)
WARNING: Use --enable-native-access=tornado.cutlass to avoid a warning for callers in this module
WARNING: Restricted methods will be blocked in a future release unless native access is enabled

     CUTLASS hgemm                    PASSED (max abs err 0.0002, 0/65536 out of tol)
6. cuBLAS GemmEx FP16
     cuBLAS GemmEx FP16               PASSED (max abs err 0.0002, 0/65536 out of tol)
7. cuBLAS GemmEx FP16->FP32
     cuBLAS GemmEx FP16->FP32         PASSED (max abs err 0.0000, 0/65536 out of tol)

=== Summary (steady-state median wall-clock, this run / this GPU) ===
rung                                  median us      GFLOP/s   vs naive
1. naive @Parallel                          146          230       1.0x
2. KernelContext tiled                      140          240       1.0x
3. KernelContext MMA (mma.sync)             138          243       1.1x
4. TileContext (CUDA Tile, ct::mma)         152          221       1.0x
5. CUTLASS hgemm                             78          430       1.9x
6. cuBLAS GemmEx FP16                       158          212       0.9x
7. cuBLAS GemmEx FP16->FP32                 199          169       0.7x

Wall-clock includes host dispatch. For kernel time alone use nsys;
scripts/compare-ladder.sh 22 collects both.
All rungs produced correct results
