Matrix-multiply ladder: C = A * B, FP32, 2048x2048
  10 executions per rung, steady-state median wall-clock (first excluded)

1. naive @Parallel
    validation PASSED (max abs err 0.00000, 0/4194304 cells out of tol)
2. KernelContext tiled
    validation PASSED (max abs err 0.00000, 0/4194304 cells out of tol)
3. KernelContext register-tiled
    validation PASSED (max abs err 0.00000, 0/4194304 cells out of tol)
4. CUTLASS sgemm

    validation PASSED (max abs err 0.00000, 0/4194304 cells out of tol)
5. cuBLAS sgemm
    validation PASSED (max abs err 0.00000, 0/4194304 cells out of tol)
6. cuBLAS sgemm TF32
    validation PASSED (max abs err 0.00007, 0/4194304 cells out of tol)

=== Summary (steady-state median, this run / this GPU) ===
rung                                median us      GFLOP/s   vs naive
1. naive @Parallel                       4541       3783.3       1.0x
2. KernelContext tiled                   3702       4640.7       1.2x
3. KernelContext register-tiled          1767       9722.6       2.6x
4. CUTLASS sgemm                         1356      12669.5       3.3x
5. cuBLAS sgemm                          1314      13074.5       3.5x
6. cuBLAS sgemm TF32                     1189      14449.0       3.8x

All six rungs produced the same, correct result
Generated:
