n = 64, 1 executions per rung

#include <cuda_fp16.h>
extern "C" __global__ void naive(long long *_kernel_context, unsigned char *_constant_region, unsigned char *_local_region, int *_atomics, unsigned char *arg1, unsigned char *arg2, unsigned char *arg3, int arg4, int arg5)
{
  unsigned long long ul_0, ul_1, ul_2, ul_12, ul_19, ul_29; 
  int i_3, i_4, i_5, i_7, i_8, i_14, i_15, i_24, i_25; 
  float f_6, f_21, f_22, f_23; 
  long long l_9, l_10, l_11, l_16, l_17, l_18, l_26, l_27, l_28; 
  __half half_13, half_20; 

  // BLOCK 0
  ul_0  =  (unsigned long long) arg1;
  ul_1  =  (unsigned long long) arg2;
  ul_2  =  (unsigned long long) arg3;
  i_3  =  (blockIdx.y*blockDim.y+threadIdx.y);
  i_4  =  (blockIdx.x*blockDim.x+threadIdx.x);
  i_5  =  i_4 << 6;
  // BLOCK 1 MERGES [0 2 ]
  f_6  =  0.0F;
  i_7  =  0;
  for(;i_7 < 64;)
  {
    // BLOCK 2
    i_8  =  i_5 + i_7;
    l_9  =  (long long) i_8;
    l_10  =  l_9 + 8L;
    l_11  =  l_10 << 1;
    ul_12  =  ul_0 + l_11;
    half_13  =  *(( __half *) ul_12);
    i_14  =  i_7 << 6;
    i_15  =  i_14 + i_3;
    l_16  =  (long long) i_15;
    l_17  =  l_16 + 8L;
    l_18  =  l_17 << 1;
    ul_19  =  ul_1 + l_18;
    half_20  =  *(( __half *) ul_19);
    f_21  =  __half2float(half_13);
    f_22  =  __half2float(half_20);
    f_23  =  fma(f_21, f_22, f_6);
    i_24  =  i_7 + 1;
    f_6  =  f_23;
    i_7  =  i_24;
  }  // B1
  // BLOCK 3
  i_25  =  i_5 + i_3;
  l_26  =  (long long) i_25;
  l_27  =  l_26 + 4L;
  l_28  =  l_27 << 2;
  ul_29  =  ul_2 + l_28;
  *(( float *) ul_29)  =  f_6;
  return;
}  //  kernel

#include <cuda_fp16.h>
extern "C" __global__ void tiledByHand(long long *_kernel_context, unsigned char *_constant_region, unsigned char *_local_region, int *_atomics, unsigned char *arg1, unsigned char *arg2, unsigned char *arg3, int arg4, int arg5)
{
  unsigned long long ul_0, ul_1, ul_2, ul_15, ul_28, ul_161, ul_170, ul_241; 
  int i_5, i_6, i_7, i_8, i_9, i_10, i_11, i_17, i_18, i_20, i_21, i_22, i_23, i_24, i_33, i_35, i_37, i_39, i_41, i_43, i_45, i_47, i_49, i_51, i_53, i_55, i_57, i_59, i_61, i_63, i_65, i_67, i_69, i_71, i_73, i_75, i_77, i_79, i_81, i_83, i_85, i_87, i_89, i_91, i_93, i_95, i_97, i_99, i_101, i_103, i_105, i_107, i_109, i_111, i_113, i_115, i_117, i_119, i_121, i_123, i_125, i_127, i_129, i_131, i_133, i_135, i_137, i_139, i_141, i_143, i_145, i_147, i_149, i_151, i_153, i_155, i_157, i_164, i_165, i_166, i_237; 
  long long l_12, l_13, l_14, l_25, l_26, l_27, l_158, l_159, l_160, l_167, l_168, l_169, l_238, l_239, l_240; 
  __half half_16, half_29, half_162, half_171; 
  float f_19, f_30, f_31, f_32, f_34, f_36, f_38, f_40, f_42, f_44, f_46, f_48, f_50, f_52, f_54, f_56, f_58, f_60, f_62, f_64, f_66, f_68, f_70, f_72, f_74, f_76, f_78, f_80, f_82, f_84, f_86, f_88, f_90, f_92, f_94, f_96, f_98, f_100, f_102, f_104, f_106, f_108, f_110, f_112, f_114, f_116, f_118, f_120, f_122, f_124, f_126, f_128, f_130, f_132, f_134, f_136, f_138, f_140, f_142, f_144, f_146, f_148, f_150, f_152, f_154, f_156, f_163, f_172, f_173, f_174, f_175, f_176, f_177, f_178, f_179, f_180, f_181, f_182, f_183, f_184, f_185, f_186, f_187, f_188, f_189, f_190, f_191, f_192, f_193, f_194, f_195, f_196, f_197, f_198, f_199, f_200, f_201, f_202, f_203, f_204, f_205, f_206, f_207, f_208, f_209, f_210, f_211, f_212, f_213, f_214, f_215, f_216, f_217, f_218, f_219, f_220, f_221, f_222, f_223, f_224, f_225, f_226, f_227, f_228, f_229, f_230, f_231, f_232, f_233, f_234, f_235, f_236, f_242, f_243, f_244, f_245, f_246, f_247, f_248, f_249, f_250, f_251, f_252, f_253, f_254, f_255, f_256, f_257, f_258, f_259, f_260, f_261, f_262, f_263, f_264, f_265, f_266, f_267, f_268, f_269, f_270, f_271, f_272, f_273, f_274, f_275, f_276, f_277, f_278, f_279, f_280, f_281, f_282, f_283, f_284, f_285, f_286, f_287, f_288, f_289, f_290, f_291, f_292, f_293, f_294, f_295, f_296, f_297, f_298, f_299, f_300, f_301, f_302, f_303, f_304, f_305; 

  // BLOCK 0
  ul_0  =  (unsigned long long) arg1;
  ul_1  =  (unsigned long long) arg2;
  ul_2  =  (unsigned long long) arg3;
  __shared__ float adf_3[1024];
  __shared__ float adf_4[1024];
  i_5  =  (blockIdx.x);
  i_6  =  i_5 << 5;
  i_7  =  (threadIdx.x);
  i_8  =  i_6 + i_7;
  i_9  =  i_8 << 6;
  i_10  =  (threadIdx.y);
  i_11  =  i_9 + i_10;
  l_12  =  (long long) i_11;
  l_13  =  l_12 + 8L;
  l_14  =  l_13 << 1;
  ul_15  =  ul_0 + l_14;
  half_16  =  *(( __half *) ul_15);
  i_17  =  i_7 << 5;
  i_18  =  i_17 + i_10;
  f_19  =  __half2float(half_16);
  i_20  =  (blockIdx.y);
  i_21  =  i_20 << 5;
  i_22  =  i_21 + i_10;
  i_23  =  i_7 << 6;
  i_24  =  i_22 + i_23;
  l_25  =  (long long) i_24;
  l_26  =  l_25 + 8L;
  l_27  =  l_26 << 1;
  ul_28  =  ul_1 + l_27;
  half_29  =  *(( __half *) ul_28);
  f_30  =  __half2float(half_29);
  adf_3[i_18]  =  f_19;
  adf_4[i_18]  =  f_30;
  __syncthreads();
  f_31  =  adf_3[i_17];
  f_32  =  adf_4[i_10];
  i_33  =  i_17 + 1;
  f_34  =  adf_3[i_33];
  i_35  =  i_10 + 32;
  f_36  =  adf_4[i_35];
  i_37  =  i_17 + 2;
  f_38  =  adf_3[i_37];
  i_39  =  i_10 + 64;
  f_40  =  adf_4[i_39];
  i_41  =  i_17 + 3;
  f_42  =  adf_3[i_41];
  i_43  =  i_10 + 96;
  f_44  =  adf_4[i_43];
  i_45  =  i_17 + 4;
  f_46  =  adf_3[i_45];
  i_47  =  i_10 + 128;
  f_48  =  adf_4[i_47];
  i_49  =  i_17 + 5;
  f_50  =  adf_3[i_49];
  i_51  =  i_10 + 160;
  f_52  =  adf_4[i_51];
  i_53  =  i_17 + 6;
  f_54  =  adf_3[i_53];
  i_55  =  i_10 + 192;
  f_56  =  adf_4[i_55];
  i_57  =  i_17 + 7;
  f_58  =  adf_3[i_57];
  i_59  =  i_10 + 224;
  f_60  =  adf_4[i_59];
  i_61  =  i_17 + 8;
  f_62  =  adf_3[i_61];
  i_63  =  i_10 + 256;
  f_64  =  adf_4[i_63];
  i_65  =  i_17 + 9;
  f_66  =  adf_3[i_65];
  i_67  =  i_10 + 288;
  f_68  =  adf_4[i_67];
  i_69  =  i_17 + 10;
  f_70  =  adf_3[i_69];
  i_71  =  i_10 + 320;
  f_72  =  adf_4[i_71];
  i_73  =  i_17 + 11;
  f_74  =  adf_3[i_73];
  i_75  =  i_10 + 352;
  f_76  =  adf_4[i_75];
  i_77  =  i_17 + 12;
  f_78  =  adf_3[i_77];
  i_79  =  i_10 + 384;
  f_80  =  adf_4[i_79];
  i_81  =  i_17 + 13;
  f_82  =  adf_3[i_81];
  i_83  =  i_10 + 416;
  f_84  =  adf_4[i_83];
  i_85  =  i_17 + 14;
  f_86  =  adf_3[i_85];
  i_87  =  i_10 + 448;
  f_88  =  adf_4[i_87];
  i_89  =  i_17 + 15;
  f_90  =  adf_3[i_89];
  i_91  =  i_10 + 480;
  f_92  =  adf_4[i_91];
  i_93  =  i_17 + 16;
  f_94  =  adf_3[i_93];
  i_95  =  i_10 + 512;
  f_96  =  adf_4[i_95];
  i_97  =  i_17 + 17;
  f_98  =  adf_3[i_97];
  i_99  =  i_10 + 544;
  f_100  =  adf_4[i_99];
  i_101  =  i_17 + 18;
  f_102  =  adf_3[i_101];
  i_103  =  i_10 + 576;
  f_104  =  adf_4[i_103];
  i_105  =  i_17 + 19;
  f_106  =  adf_3[i_105];
  i_107  =  i_10 + 608;
  f_108  =  adf_4[i_107];
  i_109  =  i_17 + 20;
  f_110  =  adf_3[i_109];
  i_111  =  i_10 + 640;
  f_112  =  adf_4[i_111];
  i_113  =  i_17 + 21;
  f_114  =  adf_3[i_113];
  i_115  =  i_10 + 672;
  f_116  =  adf_4[i_115];
  i_117  =  i_17 + 22;
  f_118  =  adf_3[i_117];
  i_119  =  i_10 + 704;
  f_120  =  adf_4[i_119];
  i_121  =  i_17 + 23;
  f_122  =  adf_3[i_121];
  i_123  =  i_10 + 736;
  f_124  =  adf_4[i_123];
  i_125  =  i_17 + 24;
  f_126  =  adf_3[i_125];
  i_127  =  i_10 + 768;
  f_128  =  adf_4[i_127];
  i_129  =  i_17 + 25;
  f_130  =  adf_3[i_129];
  i_131  =  i_10 + 800;
  f_132  =  adf_4[i_131];
  i_133  =  i_17 + 26;
  f_134  =  adf_3[i_133];
  i_135  =  i_10 + 832;
  f_136  =  adf_4[i_135];
  i_137  =  i_17 + 27;
  f_138  =  adf_3[i_137];
  i_139  =  i_10 + 864;
  f_140  =  adf_4[i_139];
  i_141  =  i_17 + 28;
  f_142  =  adf_3[i_141];
  i_143  =  i_10 + 896;
  f_144  =  adf_4[i_143];
  i_145  =  i_17 + 29;
  f_146  =  adf_3[i_145];
  i_147  =  i_10 + 928;
  f_148  =  adf_4[i_147];
  i_149  =  i_17 + 30;
  f_150  =  adf_3[i_149];
  i_151  =  i_10 + 960;
  f_152  =  adf_4[i_151];
  i_153  =  i_17 + 31;
  f_154  =  adf_3[i_153];
  i_155  =  i_10 + 992;
  f_156  =  adf_4[i_155];
  __syncthreads();
  i_157  =  i_11 + 32;
  l_158  =  (long long) i_157;
  l_159  =  l_158 + 8L;
  l_160  =  l_159 << 1;
  ul_161  =  ul_0 + l_160;
  half_162  =  *(( __half *) ul_161);
  f_163  =  __half2float(half_162);
  i_164  =  i_7 + 32;
  i_165  =  i_164 << 6;
  i_166  =  i_165 + i_22;
  l_167  =  (long long) i_166;
  l_168  =  l_167 + 8L;
  l_169  =  l_168 << 1;
  ul_170  =  ul_1 + l_169;
  half_171  =  *(( __half *) ul_170);
  f_172  =  __half2float(half_171);
  adf_3[i_18]  =  f_163;
  adf_4[i_18]  =  f_172;
  __syncthreads();
  f_173  =  adf_3[i_17];
  f_174  =  adf_4[i_10];
  f_175  =  adf_3[i_33];
  f_176  =  adf_4[i_35];
  f_177  =  adf_3[i_37];
  f_178  =  adf_4[i_39];
  f_179  =  adf_3[i_41];
  f_180  =  adf_4[i_43];
  f_181  =  adf_3[i_45];
  f_182  =  adf_4[i_47];
  f_183  =  adf_3[i_49];
  f_184  =  adf_4[i_51];
  f_185  =  adf_3[i_53];
  f_186  =  adf_4[i_55];
  f_187  =  adf_3[i_57];
  f_188  =  adf_4[i_59];
  f_189  =  adf_3[i_61];
  f_190  =  adf_4[i_63];
  f_191  =  adf_3[i_65];
  f_192  =  adf_4[i_67];
  f_193  =  adf_3[i_69];
  f_194  =  adf_4[i_71];
  f_195  =  adf_3[i_73];
  f_196  =  adf_4[i_75];
  f_197  =  adf_3[i_77];
  f_198  =  adf_4[i_79];
  f_199  =  adf_3[i_81];
  f_200  =  adf_4[i_83];
  f_201  =  adf_3[i_85];
  f_202  =  adf_4[i_87];
  f_203  =  adf_3[i_89];
  f_204  =  adf_4[i_91];
  f_205  =  adf_3[i_93];
  f_206  =  adf_4[i_95];
  f_207  =  adf_3[i_97];
  f_208  =  adf_4[i_99];
  f_209  =  adf_3[i_101];
  f_210  =  adf_4[i_103];
  f_211  =  adf_3[i_105];
  f_212  =  adf_4[i_107];
  f_213  =  adf_3[i_109];
  f_214  =  adf_4[i_111];
  f_215  =  adf_3[i_113];
  f_216  =  adf_4[i_115];
  f_217  =  adf_3[i_117];
  f_218  =  adf_4[i_119];
  f_219  =  adf_3[i_121];
  f_220  =  adf_4[i_123];
  f_221  =  adf_3[i_125];
  f_222  =  adf_4[i_127];
  f_223  =  adf_3[i_129];
  f_224  =  adf_4[i_131];
  f_225  =  adf_3[i_133];
  f_226  =  adf_4[i_135];
  f_227  =  adf_3[i_137];
  f_228  =  adf_4[i_139];
  f_229  =  adf_3[i_141];
  f_230  =  adf_4[i_143];
  f_231  =  adf_3[i_145];
  f_232  =  adf_4[i_147];
  f_233  =  adf_3[i_149];
  f_234  =  adf_4[i_151];
  f_235  =  adf_3[i_153];
  f_236  =  adf_4[i_155];
  __syncthreads();
  i_237  =  i_22 + i_9;
  l_238  =  (long long) i_237;
  l_239  =  l_238 + 4L;
  l_240  =  l_239 << 2;
  ul_241  =  ul_2 + l_240;
  f_242  =  fma(f_31, f_32, 0.0F);
  f_243  =  fma(f_34, f_36, f_242);
  f_244  =  fma(f_38, f_40, f_243);
  f_245  =  fma(f_42, f_44, f_244);
  f_246  =  fma(f_46, f_48, f_245);
  f_247  =  fma(f_50, f_52, f_246);
  f_248  =  fma(f_54, f_56, f_247);
  f_249  =  fma(f_58, f_60, f_248);
  f_250  =  fma(f_62, f_64, f_249);
  f_251  =  fma(f_66, f_68, f_250);
  f_252  =  fma(f_70, f_72, f_251);
  f_253  =  fma(f_74, f_76, f_252);
  f_254  =  fma(f_78, f_80, f_253);
  f_255  =  fma(f_82, f_84, f_254);
  f_256  =  fma(f_86, f_88, f_255);
  f_257  =  fma(f_90, f_92, f_256);
  f_258  =  fma(f_94, f_96, f_257);
  f_259  =  fma(f_98, f_100, f_258);
  f_260  =  fma(f_102, f_104, f_259);
  f_261  =  fma(f_106, f_108, f_260);
  f_262  =  fma(f_110, f_112, f_261);
  f_263  =  fma(f_114, f_116, f_262);
  f_264  =  fma(f_118, f_120, f_263);
  f_265  =  fma(f_122, f_124, f_264);
  f_266  =  fma(f_126, f_128, f_265);
  f_267  =  fma(f_130, f_132, f_266);
  f_268  =  fma(f_134, f_136, f_267);
  f_269  =  fma(f_138, f_140, f_268);
  f_270  =  fma(f_142, f_144, f_269);
  f_271  =  fma(f_146, f_148, f_270);
  f_272  =  fma(f_150, f_152, f_271);
  f_273  =  fma(f_154, f_156, f_272);
  f_274  =  fma(f_173, f_174, f_273);
  f_275  =  fma(f_175, f_176, f_274);
  f_276  =  fma(f_177, f_178, f_275);
  f_277  =  fma(f_179, f_180, f_276);
  f_278  =  fma(f_181, f_182, f_277);
  f_279  =  fma(f_183, f_184, f_278);
  f_280  =  fma(f_185, f_186, f_279);
  f_281  =  fma(f_187, f_188, f_280);
  f_282  =  fma(f_189, f_190, f_281);
  f_283  =  fma(f_191, f_192, f_282);
  f_284  =  fma(f_193, f_194, f_283);
  f_285  =  fma(f_195, f_196, f_284);
  f_286  =  fma(f_197, f_198, f_285);
  f_287  =  fma(f_199, f_200, f_286);
  f_288  =  fma(f_201, f_202, f_287);
  f_289  =  fma(f_203, f_204, f_288);
  f_290  =  fma(f_205, f_206, f_289);
  f_291  =  fma(f_207, f_208, f_290);
  f_292  =  fma(f_209, f_210, f_291);
  f_293  =  fma(f_211, f_212, f_292);
  f_294  =  fma(f_213, f_214, f_293);
  f_295  =  fma(f_215, f_216, f_294);
  f_296  =  fma(f_217, f_218, f_295);
  f_297  =  fma(f_219, f_220, f_296);
  f_298  =  fma(f_221, f_222, f_297);
  f_299  =  fma(f_223, f_224, f_298);
  f_300  =  fma(f_225, f_226, f_299);
  f_301  =  fma(f_227, f_228, f_300);
  f_302  =  fma(f_229, f_230, f_301);
  f_303  =  fma(f_231, f_232, f_302);
  f_304  =  fma(f_233, f_234, f_303);
  f_305  =  fma(f_235, f_236, f_304);
  *(( float *) ul_241)  =  f_305;
  return;
}  //  kernel

#include "cuda_tile.h"
namespace ct = cuda::tiles;
using namespace ct::literals;
#include <cuda_fp16.h>
extern "C" __tile_global__ void tiles(long long *_kernel_context, unsigned char *_constant_region, unsigned char *_local_region, int *_atomics, unsigned char *arg1, unsigned char *arg2, unsigned char *arg3, int arg4, int arg5, int arg6)
{
  unsigned long long ul_0, ul_1, ul_2; 
  int i_6, i_7; 

  // BLOCK 0
  ul_0  =  (unsigned long long) arg1;
  ul_1  =  (unsigned long long) arg2;
  ul_2  =  (unsigned long long) arg3;
  auto tview_3 = ct::partition_view{ct::tensor_span{ct::assume_aligned(reinterpret_cast<__half *>(ul_0 + 16), 16_ic), ct::extents{64, 64}}, ct::shape{32_ic, 32_ic}};
  auto tview_4 = ct::partition_view{ct::tensor_span{ct::assume_aligned(reinterpret_cast<__half *>(ul_1 + 16), 16_ic), ct::extents{64, 64}}, ct::shape{32_ic, 32_ic}};
  auto tview_5 = ct::partition_view{ct::tensor_span{ct::assume_aligned(reinterpret_cast<float *>(ul_2 + 16), 16_ic), ct::extents{64, 64}}, ct::shape{32_ic, 32_ic}};
  i_6 = ct::bid().x;
  i_7 = ct::bid().y;
  ct::tile<float, ct::shape<32, 32>> tile_8 = ct::full<ct::tile<float, ct::shape<32, 32>>>(0.0f);
  auto tile_9 = tview_3.load(i_6, 0);
  auto tile_10 = tview_4.load(0, i_7);
  auto tile_11 = ct::mma(tile_9, tile_10, tile_8);
  auto tile_12 = tview_3.load(i_6, 1);
  auto tile_13 = tview_4.load(1, i_7);
  auto tile_14 = ct::mma(tile_12, tile_13, tile_11);
  tview_5.store(tile_14, i_6, i_7);
  return;
}  //  kernel


rung                                         ms/execution     vs naive   max error   result
1. @Parallel-style naive (KernelContext)            0.293        1.00x      0.0000   correct
2. KernelContext tiled (shared memory)              0.335        0.87x      0.0000   correct
3. TileContext (CUDA Tile, ct::mma)                 0.412        0.71x      0.0000   correct

Wall clock above includes host dispatch, which at these sizes is most of it:
all three rungs submit the same number of launches, so the column compares
dispatch as much as kernels. For kernel time use nsys (see README.md), and for
what actually differs use --printKernel: rung 3 has no thread indices at all.
