WARNING: module-info.class ignored in patch: /home/michalis/tornadovm-devoxx2026-cuda-demos/vendor/tornadovm/dist/tornadovm-6.1.1-jdk22plus-dev-cuda-linux-amd64/tornadovm-6.1.1-jdk22plus-dev-cuda/share/java/jvmci/jvmci-21.0.2.jar
units=8 unitSize=32768 innerIterations=65536 executions=8 mode=both

=== SEQUENTIAL (single stream) ===
WARNING: A terminally deprecated method in sun.misc.Unsafe has been called
WARNING: sun.misc.Unsafe::objectFieldOffset has been called by uk.ac.manchester.tornado.runtime.TornadoVMConfigAccess (file:/home/michalis/tornadovm-devoxx2026-cuda-demos/vendor/tornadovm/dist/tornadovm-6.1.1-jdk22plus-dev-cuda-linux-amd64/tornadovm-6.1.1-jdk22plus-dev-cuda/share/java/tornado/tornado-runtime-6.1.1-jdk22plus-dev.jar)
WARNING: Please consider reporting this to the maintainers of class uk.ac.manchester.tornado.runtime.TornadoVMConfigAccess
WARNING: sun.misc.Unsafe::objectFieldOffset will be removed in a future release
execution 0: correct, wall=161998 us
execution 1: correct, wall=1488 us
execution 2: correct, wall=1196 us
execution 3: correct, wall=1354 us
execution 4: correct, wall=1177 us
execution 5: correct, wall=1112 us
execution 6: correct, wall=1077 us
execution 7: correct, wall=1056 us
SEQUENTIAL (single stream) median wall-clock (all 8 executions incl. first/JIT): 1196 us
SEQUENTIAL (single stream) median wall-clock (excl. first execution): 1196 us
SEQUENTIAL (single stream): All executions correct

=== CONCURRENT (withIntraPlanConcurrency) ===
execution 0: correct, wall=60001 us
execution 1: correct, wall=1060 us
execution 2: correct, wall=1047 us
execution 3: correct, wall=1283 us
execution 4: correct, wall=918 us
execution 5: correct, wall=911 us
execution 6: correct, wall=869 us
execution 7: correct, wall=1205 us
CONCURRENT (withIntraPlanConcurrency) median wall-clock (all 8 executions incl. first/JIT): 1060 us
CONCURRENT (withIntraPlanConcurrency) median wall-clock (excl. first execution): 1060 us
CONCURRENT (withIntraPlanConcurrency): All executions correct
