WARNING: module-info.class ignored in patch: /home/michalis/.sdkman/candidates/tornadovm/7.2.0-jdk22plus-cuda/share/java/jvmci/jvmci-21.0.2.jar
WARNING: Using incubator modules: jdk.incubator.vector
Oct 07, 2026 11:48:15 AM io.github.jbellis.jvector.vector.PanamaVectorizationProvider <init>
INFO: Preferred f32 species is 256
Oct 07, 2026 11:48:15 AM io.github.jbellis.jvector.vector.VectorizationProvider lookup
INFO: Java incubating Vector API enabled. Using PanamaVectorizationProvider.

  JVector index of 500,000 x 1024 vectors, synthetic clustered embeddings (generated in 1.1 s)
  graph: M=32, beam 100, alpha 1.2, hierarchy; PanamaVectorizationProvider

SLF4J(W): No SLF4J providers were found.
SLF4J(W): Defaulting to no-operation (NOP) logger implementation
SLF4J(W): See https://www.slf4j.org/codes.html#noProviders for further details.
Oct 07, 2026 11:48:16 AM io.github.jbellis.jvector.util.PhysicalCoreExecutor resolvePhysicalCoreCount
INFO: PhysicalCoreExecutor: using 24 worker threads, determined by OS topology probe on "Linux" (detected 24 physical cores, clamped to availableProcessors=32).
Oct 07, 2026 11:48:16 AM io.github.jbellis.jvector.util.PhysicalCoreExecutor resolvePhysicalCoreCount
WARNING: PhysicalCoreExecutor: previous auto-sized worker threads on this node would have been 16, but aligning to cores now sets them to 24. Set the jvector.physical_core_count system property to override.
WARNING: A terminally deprecated method in sun.misc.Unsafe has been called
WARNING: sun.misc.Unsafe::objectFieldOffset has been called by uk.ac.manchester.tornado.runtime.TornadoVMConfigAccess (file:/home/michalis/.sdkman/candidates/tornadovm/7.2.0-jdk22plus-cuda/share/java/tornado/tornado-runtime-7.2.0.jar)
WARNING: Please consider reporting this to the maintainers of class uk.ac.manchester.tornado.runtime.TornadoVMConfigAccess
WARNING: sun.misc.Unsafe::objectFieldOffset will be removed in a future release
  [GPU] building with TornadoVM + cuVS ...
GPU build of 500000 x 1024 (COSINE): rows 0.58 s, candidates 2.18 s (1 batches), prune 2.42 s, install 0.19 s, upper layers 0.89 s, total 6.27 s
  [GPU] built in   6.37 s
  [CPU] building with JVector on 32 threads ...
  [CPU] built in  47.17 s

  +-------------------+------------+------------+
  |                   |  JVector   |   GPU      |
  |                   |  (CPU)     | (TornadoVM)|
  +-------------------+------------+------------+
  | graph build       |    47.17 s |     6.37 s |
  | recall@10         |     0.9720 |     0.9835 |
  +-------------------+------------+------------+
  speed-up: 7.4x

JVectorGpuIndex: PASSED -- the GPU graph's recall@10 matches or beats JVector's
