== TornadoVM 7.2.0 at /home/michalis/.sdkman/candidates/tornadovm/7.2.0-jdk22plus-cuda
== JVector cb1774a jvector-gpu: build graphs on NVIDIA GPUs with TornadoVM and cuVS
WARNING: A terminally deprecated method in sun.misc.Unsafe has been called
WARNING: sun.misc.Unsafe::objectFieldOffset has been called by com.google.common.util.concurrent.AbstractFuture$UnsafeAtomicHelper (file:/usr/share/maven/lib/guava.jar)
WARNING: Please consider reporting this to the maintainers of class com.google.common.util.concurrent.AbstractFuture$UnsafeAtomicHelper
WARNING: sun.misc.Unsafe::objectFieldOffset will be removed in a future release
WARNING: A terminally deprecated method in sun.misc.Unsafe has been called
WARNING: sun.misc.Unsafe::objectFieldOffset has been called by com.google.common.util.concurrent.AbstractFuture$UnsafeAtomicHelper (file:/usr/share/maven/lib/guava.jar)
WARNING: Please consider reporting this to the maintainers of class com.google.common.util.concurrent.AbstractFuture$UnsafeAtomicHelper
WARNING: sun.misc.Unsafe::objectFieldOffset will be removed in a future release
--2026-10-07 11:42:46--  https://repo.maven.apache.org/maven2/io/takari/maven-wrapper/0.5.6/maven-wrapper-0.5.6.jar
Resolving repo.maven.apache.org (repo.maven.apache.org)... 104.18.19.12, 104.18.18.12, 2606:4700::6812:130c, ...
Connecting to repo.maven.apache.org (repo.maven.apache.org)|104.18.19.12|:443... connected.
HTTP request sent, awaiting response... 200 OK
Length: 50710 (50K) [application/java-archive]
Saving to: ‘/home/michalis/tornadovm-devoxx2026-cuda-demos/demos/26-jvector-gpu-index/build/jvector/.mvn/wrapper/maven-wrapper.jar’

     0K .......... .......... .......... .......... ......... 100% 1.63M=0.03s

2026-10-07 11:42:46 (1.63 MB/s) - ‘/home/michalis/tornadovm-devoxx2026-cuda-demos/demos/26-jvector-gpu-index/build/jvector/.mvn/wrapper/maven-wrapper.jar’ saved [50710/50710]

WARNING: A restricted method in java.lang.System has been called
WARNING: java.lang.System::loadLibrary has been called by org.fusesource.hawtjni.runtime.Library in an unnamed module (file:/home/michalis/.m2/wrapper/dists/apache-maven-3.6.3-bin/1iopthnavndlasol9gbrbg6bf2/apache-maven-3.6.3/lib/jansi-1.17.1.jar)
WARNING: Use --enable-native-access=ALL-UNNAMED to avoid a warning for callers in this module
WARNING: Restricted methods will be blocked in a future release unless native access is enabled

WARNING: A terminally deprecated method in sun.misc.Unsafe has been called
WARNING: sun.misc.Unsafe::objectFieldOffset has been called by com.google.common.util.concurrent.AbstractFuture$UnsafeAtomicHelper (file:/home/michalis/.m2/wrapper/dists/apache-maven-3.6.3-bin/1iopthnavndlasol9gbrbg6bf2/apache-maven-3.6.3/lib/guava-25.1-android.jar)
WARNING: Please consider reporting this to the maintainers of class com.google.common.util.concurrent.AbstractFuture$UnsafeAtomicHelper
WARNING: sun.misc.Unsafe::objectFieldOffset will be removed in a future release
WARNING: A restricted method in java.lang.System has been called
WARNING: java.lang.System::loadLibrary has been called by org.fusesource.hawtjni.runtime.Library in an unnamed module (file:/home/michalis/.m2/wrapper/dists/apache-maven-3.6.3-bin/1iopthnavndlasol9gbrbg6bf2/apache-maven-3.6.3/lib/jansi-1.17.1.jar)
WARNING: Use --enable-native-access=ALL-UNNAMED to avoid a warning for callers in this module
WARNING: Restricted methods will be blocked in a future release unless native access is enabled

WARNING: A terminally deprecated method in sun.misc.Unsafe has been called
WARNING: sun.misc.Unsafe::objectFieldOffset has been called by com.google.common.util.concurrent.AbstractFuture$UnsafeAtomicHelper (file:/home/michalis/.m2/wrapper/dists/apache-maven-3.6.3-bin/1iopthnavndlasol9gbrbg6bf2/apache-maven-3.6.3/lib/guava-25.1-android.jar)
WARNING: Please consider reporting this to the maintainers of class com.google.common.util.concurrent.AbstractFuture$UnsafeAtomicHelper
WARNING: sun.misc.Unsafe::objectFieldOffset will be removed in a future release
== /home/michalis/tornadovm-devoxx2026-cuda-demos/demos/26-jvector-gpu-index/lib: agrona-1.20.0.jar commons-math3-3.6.1.jar jvector-base-4.0.2-SNAPSHOT.jar jvector-gpu-4.0.2-SNAPSHOT.jar jvector-twenty-4.0.2-SNAPSHOT.jar slf4j-api-2.0.16.jar snakeyaml-2.4.jar 
== cuVS ready; now: bash demos/26-jvector-gpu-index/run.sh
