WARNING: CPU IP/backtrace sampling not supported, disabling.
Try the 'nsys status --environment' command to learn more.

WARNING: CPU context switch tracing not supported, disabling.
Try the 'nsys status --environment' command to learn more.

iteration 0: correct output[0]=12251.0 expected[0]=12251.0
Enable the profiler with: -Dtornado.profiler=True
  total task-graph time: 0 ns
iteration 1: correct output[0]=12251.0 expected[0]=12251.0
Enable the profiler with: -Dtornado.profiler=True
  total task-graph time: 0 ns
iteration 2: correct output[0]=12251.0 expected[0]=12251.0
Enable the profiler with: -Dtornado.profiler=True
  total task-graph time: 0 ns
iteration 3: correct output[0]=12251.0 expected[0]=12251.0
Enable the profiler with: -Dtornado.profiler=True
  total task-graph time: 0 ns
iteration 4: correct output[0]=12251.0 expected[0]=12251.0
Enable the profiler with: -Dtornado.profiler=True
  total task-graph time: 0 ns
iteration 5: correct output[0]=12251.0 expected[0]=12251.0
Enable the profiler with: -Dtornado.profiler=True
  total task-graph time: 0 ns
iteration 6: correct output[0]=12251.0 expected[0]=12251.0
Enable the profiler with: -Dtornado.profiler=True
  total task-graph time: 0 ns
iteration 7: correct output[0]=12251.0 expected[0]=12251.0
Enable the profiler with: -Dtornado.profiler=True
  total task-graph time: 0 ns
iteration 8: correct output[0]=12251.0 expected[0]=12251.0
Enable the profiler with: -Dtornado.profiler=True
  total task-graph time: 0 ns
iteration 9: correct output[0]=12251.0 expected[0]=12251.0
Enable the profiler with: -Dtornado.profiler=True
  total task-graph time: 0 ns
All iterations correct
Collecting data...
Generating '/tmp/nsys-report-3ca0.qdstrm'
[1/1] [0%                          ] nsys-04-cublas.nsys-rep[1/1] [0%                          ] nsys-04-cublas.nsys-rep[1/1] [5%                          ] nsys-04-cublas.nsys-rep[1/1] [================69%         ] nsys-04-cublas.nsys-rep[1/1] [========================98% ] nsys-04-cublas.nsys-rep[1/1] [========================100%] nsys-04-cublas.nsys-rep[1/1] [========================100%] nsys-04-cublas.nsys-rep
Generated:
    /tmp/nsys-04-cublas.nsys-rep
