WARNING: CPU IP/backtrace sampling not supported, disabling.
Try the 'nsys status --environment' command to learn more.

WARNING: CPU context switch tracing not supported, disabling.
Try the 'nsys status --environment' command to learn more.

Low-pass filter via hybrid cuFFT pipeline: n=4096, cutoff bin=16, iterations=20
iteration 0: correct maxError=4.7683716E-7 filtered[0]=0.49999997
Enable the profiler with: -Dtornado.profiler=True
  total task-graph time: 0 ns
iteration 1: correct maxError=4.7683716E-7 filtered[0]=0.49999997
Enable the profiler with: -Dtornado.profiler=True
  total task-graph time: 0 ns
iteration 2: correct maxError=4.7683716E-7 filtered[0]=0.49999997
Enable the profiler with: -Dtornado.profiler=True
  total task-graph time: 0 ns
iteration 3: correct maxError=4.7683716E-7 filtered[0]=0.49999997
Enable the profiler with: -Dtornado.profiler=True
  total task-graph time: 0 ns
iteration 4: correct maxError=4.7683716E-7 filtered[0]=0.49999997
Enable the profiler with: -Dtornado.profiler=True
  total task-graph time: 0 ns
iteration 5: correct maxError=4.7683716E-7 filtered[0]=0.49999997
Enable the profiler with: -Dtornado.profiler=True
  total task-graph time: 0 ns
iteration 6: correct maxError=4.7683716E-7 filtered[0]=0.49999997
Enable the profiler with: -Dtornado.profiler=True
  total task-graph time: 0 ns
iteration 7: correct maxError=4.7683716E-7 filtered[0]=0.49999997
Enable the profiler with: -Dtornado.profiler=True
  total task-graph time: 0 ns
iteration 8: correct maxError=4.7683716E-7 filtered[0]=0.49999997
Enable the profiler with: -Dtornado.profiler=True
  total task-graph time: 0 ns
iteration 9: correct maxError=4.7683716E-7 filtered[0]=0.49999997
Enable the profiler with: -Dtornado.profiler=True
  total task-graph time: 0 ns
iteration 10: correct maxError=4.7683716E-7 filtered[0]=0.49999997
Enable the profiler with: -Dtornado.profiler=True
  total task-graph time: 0 ns
iteration 11: correct maxError=4.7683716E-7 filtered[0]=0.49999997
Enable the profiler with: -Dtornado.profiler=True
  total task-graph time: 0 ns
iteration 12: correct maxError=4.7683716E-7 filtered[0]=0.49999997
Enable the profiler with: -Dtornado.profiler=True
  total task-graph time: 0 ns
iteration 13: correct maxError=4.7683716E-7 filtered[0]=0.49999997
Enable the profiler with: -Dtornado.profiler=True
  total task-graph time: 0 ns
iteration 14: correct maxError=4.7683716E-7 filtered[0]=0.49999997
Enable the profiler with: -Dtornado.profiler=True
  total task-graph time: 0 ns
iteration 15: correct maxError=4.7683716E-7 filtered[0]=0.49999997
Enable the profiler with: -Dtornado.profiler=True
  total task-graph time: 0 ns
iteration 16: correct maxError=4.7683716E-7 filtered[0]=0.49999997
Enable the profiler with: -Dtornado.profiler=True
  total task-graph time: 0 ns
iteration 17: correct maxError=4.7683716E-7 filtered[0]=0.49999997
Enable the profiler with: -Dtornado.profiler=True
  total task-graph time: 0 ns
iteration 18: correct maxError=4.7683716E-7 filtered[0]=0.49999997
Enable the profiler with: -Dtornado.profiler=True
  total task-graph time: 0 ns
iteration 19: correct maxError=4.7683716E-7 filtered[0]=0.49999997
Enable the profiler with: -Dtornado.profiler=True
  total task-graph time: 0 ns
All iterations correct
Collecting data...
Generating '/tmp/nsys-report-d768.qdstrm'
[1/1] [0%                          ] nsys-05-cufft.nsys-rep[1/1] [0%                          ] nsys-05-cufft.nsys-rep[1/1] [6%                          ] nsys-05-cufft.nsys-rep[1/1] [===================80%      ] nsys-05-cufft.nsys-rep[1/1] [========================97% ] nsys-05-cufft.nsys-rep[1/1] [========================98% ] nsys-05-cufft.nsys-rep[1/1] [========================100%] nsys-05-cufft.nsys-rep[1/1] [========================100%] nsys-05-cufft.nsys-rep
Generated:
    /tmp/nsys-05-cufft.nsys-rep
