WARNING: module-info.class ignored in patch: /home/michalis/.sdkman/candidates/tornadovm/7.2.0-jdk22plus-cuda/share/java/jvmci/jvmci-21.0.2.jar
Integrated CUDA showcase: units=6 m=8 n=8 executions=20 mode=all
Pipeline per unit: JIT scale -> cuBLAS sgemv -> JIT bias (demo 04's shape x 6 independent chains, one TaskGraph)

=== BASELINE (single stream, no graph) ===
WARNING: A terminally deprecated method in sun.misc.Unsafe has been called
WARNING: sun.misc.Unsafe::objectFieldOffset has been called by uk.ac.manchester.tornado.runtime.TornadoVMConfigAccess (file:/home/michalis/.sdkman/candidates/tornadovm/7.2.0-jdk22plus-cuda/share/java/tornado/tornado-runtime-7.2.0.jar)
WARNING: Please consider reporting this to the maintainers of class uk.ac.manchester.tornado.runtime.TornadoVMConfigAccess
WARNING: sun.misc.Unsafe::objectFieldOffset will be removed in a future release
execution 0: correct, wall=217169 us
execution 1: correct, wall=1203 us
execution 2: correct, wall=1032 us
execution 3: correct, wall=1076 us
execution 4: correct, wall=896 us
execution 5: correct, wall=915 us
execution 6: correct, wall=881 us
execution 7: correct, wall=790 us
execution 8: correct, wall=711 us
execution 9: correct, wall=697 us
execution 10: correct, wall=1172 us
execution 11: correct, wall=665 us
execution 12: correct, wall=664 us
execution 13: correct, wall=659 us
execution 14: correct, wall=682 us
execution 15: correct, wall=743 us
execution 16: correct, wall=592 us
execution 17: correct, wall=621 us
execution 18: correct, wall=701 us
execution 19: correct, wall=572 us
BASELINE (single stream, no graph) first execution (JIT/capture): 217169 us
BASELINE (single stream, no graph) steady-state median wall-clock (n=19): 743 us
BASELINE (single stream, no graph): All executions correct

=== CONCURRENT (withIntraPlanConcurrency) ===
execution 0: correct, wall=58976 us
execution 1: correct, wall=1555 us
execution 2: correct, wall=1088 us
execution 3: correct, wall=780 us
execution 4: correct, wall=785 us
execution 5: correct, wall=849 us
execution 6: correct, wall=820 us
execution 7: correct, wall=726 us
execution 8: correct, wall=715 us
execution 9: correct, wall=695 us
execution 10: correct, wall=657 us
execution 11: correct, wall=633 us
execution 12: correct, wall=787 us
execution 13: correct, wall=620 us
execution 14: correct, wall=570 us
execution 15: correct, wall=563 us
execution 16: correct, wall=478 us
execution 17: correct, wall=497 us
execution 18: correct, wall=588 us
execution 19: correct, wall=561 us
CONCURRENT (withIntraPlanConcurrency) first execution (JIT/capture): 58976 us
CONCURRENT (withIntraPlanConcurrency) steady-state median wall-clock (n=19): 715 us
CONCURRENT (withIntraPlanConcurrency): All executions correct

=== GRAPH (withCUDAGraph) ===
execution 0: correct, wall=35293 us
execution 1: correct, wall=119 us
execution 2: correct, wall=84 us
execution 3: correct, wall=86 us
execution 4: correct, wall=81 us
execution 5: correct, wall=91 us
execution 6: correct, wall=84 us
execution 7: correct, wall=82 us
execution 8: correct, wall=92 us
execution 9: correct, wall=72 us
execution 10: correct, wall=73 us
execution 11: correct, wall=72 us
execution 12: correct, wall=74 us
execution 13: correct, wall=73 us
execution 14: correct, wall=79 us
execution 15: correct, wall=72 us
execution 16: correct, wall=74 us
execution 17: correct, wall=74 us
execution 18: correct, wall=81 us
execution 19: correct, wall=79 us
GRAPH (withCUDAGraph) first execution (JIT/capture): 35293 us
GRAPH (withCUDAGraph) steady-state median wall-clock (n=19): 81 us
GRAPH (withCUDAGraph): All executions correct

=== COMBINED-EXPERIMENTAL (withCUDAGraph + withIntraPlanConcurrency) ===
execution 0: correct, wall=31686 us
execution 1: correct, wall=119 us
execution 2: correct, wall=76 us
execution 3: correct, wall=78 us
execution 4: correct, wall=76 us
execution 5: correct, wall=82 us
execution 6: correct, wall=87 us
execution 7: correct, wall=81 us
execution 8: correct, wall=82 us
execution 9: correct, wall=105 us
execution 10: correct, wall=76 us
execution 11: correct, wall=80 us
execution 12: correct, wall=82 us
execution 13: correct, wall=80 us
execution 14: correct, wall=79 us
execution 15: correct, wall=73 us
execution 16: correct, wall=79 us
execution 17: correct, wall=76 us
execution 18: correct, wall=78 us
execution 19: correct, wall=73 us
COMBINED-EXPERIMENTAL (withCUDAGraph + withIntraPlanConcurrency) first execution (JIT/capture): 31686 us
COMBINED-EXPERIMENTAL (withCUDAGraph + withIntraPlanConcurrency) steady-state median wall-clock (n=19): 80 us
COMBINED-EXPERIMENTAL (withCUDAGraph + withIntraPlanConcurrency): All executions correct

=== Summary (steady-state median us, this run/this GPU) ===
baseline   : 743.0
concurrent : 715.0 (1.04x vs baseline)
graph      : 81.0 (9.17x vs baseline)
combined   : 80.0 (9.29x vs baseline)

=== BONUS: Tensor Core mma.sync single-tile GEMM (demo 08 kernel, reused) ===
Tensor Core tile validation: PASSED (max abs err 0.00000, 0/128 cells out of tol)
