WARNING: module-info.class ignored in patch: /home/michalis/.sdkman/candidates/tornadovm/7.2.0-jdk22plus-cuda/share/java/jvmci/jvmci-21.0.2.jar
Integrated CUDA showcase: units=6 m=8 n=8 executions=20 mode=all
Pipeline per unit: JIT scale -> cuBLAS sgemv -> JIT bias (demo 04's shape x 6 independent chains, one TaskGraph)

=== BASELINE (single stream, no graph) ===
WARNING: A terminally deprecated method in sun.misc.Unsafe has been called
WARNING: sun.misc.Unsafe::objectFieldOffset has been called by uk.ac.manchester.tornado.runtime.TornadoVMConfigAccess (file:/home/michalis/.sdkman/candidates/tornadovm/7.2.0-jdk22plus-cuda/share/java/tornado/tornado-runtime-7.2.0.jar)
WARNING: Please consider reporting this to the maintainers of class uk.ac.manchester.tornado.runtime.TornadoVMConfigAccess
WARNING: sun.misc.Unsafe::objectFieldOffset will be removed in a future release
execution 0: correct, wall=210511 us
execution 1: correct, wall=1180 us
execution 2: correct, wall=1044 us
execution 3: correct, wall=1038 us
execution 4: correct, wall=886 us
execution 5: correct, wall=1235 us
execution 6: correct, wall=900 us
execution 7: correct, wall=815 us
execution 8: correct, wall=736 us
execution 9: correct, wall=713 us
execution 10: correct, wall=1220 us
execution 11: correct, wall=703 us
execution 12: correct, wall=649 us
execution 13: correct, wall=665 us
execution 14: correct, wall=695 us
execution 15: correct, wall=697 us
execution 16: correct, wall=595 us
execution 17: correct, wall=616 us
execution 18: correct, wall=884 us
execution 19: correct, wall=535 us
BASELINE (single stream, no graph) first execution (JIT/capture): 210511 us
BASELINE (single stream, no graph) steady-state median wall-clock (n=19): 815 us
BASELINE (single stream, no graph): All executions correct

=== CONCURRENT (withIntraPlanConcurrency) ===
execution 0: correct, wall=59052 us
execution 1: correct, wall=1614 us
execution 2: correct, wall=1189 us
execution 3: correct, wall=795 us
execution 4: correct, wall=766 us
execution 5: correct, wall=841 us
execution 6: correct, wall=887 us
execution 7: correct, wall=740 us
execution 8: correct, wall=774 us
execution 9: correct, wall=671 us
execution 10: correct, wall=692 us
execution 11: correct, wall=655 us
execution 12: correct, wall=712 us
execution 13: correct, wall=653 us
execution 14: correct, wall=665 us
execution 15: correct, wall=533 us
execution 16: correct, wall=477 us
execution 17: correct, wall=467 us
execution 18: correct, wall=524 us
execution 19: correct, wall=520 us
CONCURRENT (withIntraPlanConcurrency) first execution (JIT/capture): 59052 us
CONCURRENT (withIntraPlanConcurrency) steady-state median wall-clock (n=19): 712 us
CONCURRENT (withIntraPlanConcurrency): All executions correct

=== GRAPH (withCUDAGraph) ===
execution 0: correct, wall=35283 us
execution 1: correct, wall=123 us
execution 2: correct, wall=91 us
execution 3: correct, wall=91 us
execution 4: correct, wall=82 us
execution 5: correct, wall=85 us
execution 6: correct, wall=87 us
execution 7: correct, wall=82 us
execution 8: correct, wall=100 us
execution 9: correct, wall=76 us
execution 10: correct, wall=74 us
execution 11: correct, wall=73 us
execution 12: correct, wall=73 us
execution 13: correct, wall=73 us
execution 14: correct, wall=73 us
execution 15: correct, wall=79 us
execution 16: correct, wall=73 us
execution 17: correct, wall=73 us
execution 18: correct, wall=79 us
execution 19: correct, wall=73 us
GRAPH (withCUDAGraph) first execution (JIT/capture): 35283 us
GRAPH (withCUDAGraph) steady-state median wall-clock (n=19): 79 us
GRAPH (withCUDAGraph): All executions correct

=== COMBINED-EXPERIMENTAL (withCUDAGraph + withIntraPlanConcurrency) ===
execution 0: correct, wall=30932 us
execution 1: correct, wall=111 us
execution 2: correct, wall=79 us
execution 3: correct, wall=77 us
execution 4: correct, wall=75 us
execution 5: correct, wall=81 us
execution 6: correct, wall=87 us
execution 7: correct, wall=83 us
execution 8: correct, wall=77 us
execution 9: correct, wall=97 us
execution 10: correct, wall=74 us
execution 11: correct, wall=80 us
execution 12: correct, wall=83 us
execution 13: correct, wall=74 us
execution 14: correct, wall=80 us
execution 15: correct, wall=73 us
execution 16: correct, wall=83 us
execution 17: correct, wall=73 us
execution 18: correct, wall=80 us
execution 19: correct, wall=74 us
COMBINED-EXPERIMENTAL (withCUDAGraph + withIntraPlanConcurrency) first execution (JIT/capture): 30932 us
COMBINED-EXPERIMENTAL (withCUDAGraph + withIntraPlanConcurrency) steady-state median wall-clock (n=19): 80 us
COMBINED-EXPERIMENTAL (withCUDAGraph + withIntraPlanConcurrency): All executions correct

=== Summary (steady-state median us, this run/this GPU) ===
baseline   : 815.0
concurrent : 712.0 (1.14x vs baseline)
graph      : 79.0 (10.32x vs baseline)
combined   : 80.0 (10.19x vs baseline)

=== BONUS: Tensor Core mma.sync single-tile GEMM (demo 08 kernel, reused) ===
Tensor Core tile validation: PASSED (max abs err 0.00000, 0/128 cells out of tol)
