WARNING: module-info.class ignored in patch: /home/michalis/.sdkman/candidates/tornadovm/6.0.0-jdk22plus-cuda/share/java/jvmci/jvmci-21.0.2.jar
units=8 unitSize=32768 innerIterations=65536 executions=8 mode=both

=== SEQUENTIAL (single stream) ===
WARNING: A terminally deprecated method in sun.misc.Unsafe has been called
WARNING: sun.misc.Unsafe::objectFieldOffset has been called by uk.ac.manchester.tornado.runtime.TornadoVMConfigAccess (file:/home/michalis/.sdkman/candidates/tornadovm/6.0.0-jdk22plus-cuda/share/java/tornado/tornado-runtime-6.0.0.jar)
WARNING: Please consider reporting this to the maintainers of class uk.ac.manchester.tornado.runtime.TornadoVMConfigAccess
WARNING: sun.misc.Unsafe::objectFieldOffset will be removed in a future release
execution 0: correct, wall=128649 us
execution 1: correct, wall=2282 us
execution 2: correct, wall=2177 us
execution 3: correct, wall=2159 us
execution 4: correct, wall=2174 us
execution 5: correct, wall=2162 us
execution 6: correct, wall=2111 us
execution 7: correct, wall=2148 us
SEQUENTIAL (single stream) median wall-clock (all 8 executions incl. first/JIT): 2174 us
SEQUENTIAL (single stream) median wall-clock (excl. first execution): 2174 us
SEQUENTIAL (single stream): All executions correct

=== CONCURRENT (withIntraPlanConcurrency) ===
execution 0: correct, wall=55573 us
execution 1: correct, wall=1107 us
execution 2: correct, wall=955 us
execution 3: correct, wall=960 us
execution 4: correct, wall=845 us
execution 5: correct, wall=867 us
execution 6: correct, wall=801 us
execution 7: correct, wall=1060 us
CONCURRENT (withIntraPlanConcurrency) median wall-clock (all 8 executions incl. first/JIT): 960 us
CONCURRENT (withIntraPlanConcurrency) median wall-clock (excl. first execution): 960 us
CONCURRENT (withIntraPlanConcurrency): All executions correct
