WARNING: module-info.class ignored in patch: /home/michalis/.sdkman/candidates/tornadovm/6.0.0-jdk22plus-cuda/share/java/jvmci/jvmci-21.0.2.jar
WARNING: A terminally deprecated method in sun.misc.Unsafe has been called
WARNING: sun.misc.Unsafe::objectFieldOffset has been called by uk.ac.manchester.tornado.runtime.TornadoVMConfigAccess (file:/home/michalis/.sdkman/candidates/tornadovm/6.0.0-jdk22plus-cuda/share/java/tornado/tornado-runtime-6.0.0.jar)
WARNING: Please consider reporting this to the maintainers of class uk.ac.manchester.tornado.runtime.TornadoVMConfigAccess
WARNING: sun.misc.Unsafe::objectFieldOffset will be removed in a future release
Single-tile Tensor Core (MMA) demo: C[16x8] = A[16x16] * B[16x8], fp16 -> f32
#include <cuda_fp16.h>
extern "C" __global__ void gemmScalarFp16(long long *_kernel_context, unsigned char *_constant_region, unsigned char *_local_region, int *_atomics, unsigned char *arg1, unsigned char *arg2, unsigned char *arg3)
{
  unsigned long long ul_0, ul_1, ul_2, ul_8, ul_14, ul_19, ul_25, ul_30, ul_36, ul_41, ul_47, ul_52, ul_58, ul_63, ul_69, ul_74, ul_80, ul_85, ul_91, ul_97, ul_103, ul_107, ul_113, ul_117, ul_123, ul_127, ul_133, ul_137, ul_143, ul_147, ul_153, ul_157, ul_163, ul_167, ul_173, ul_180; 
  int i_3, i_4, i_10, i_16, i_21, i_27, i_32, i_38, i_43, i_49, i_54, i_60, i_65, i_71, i_76, i_82, i_87, i_93, i_99, i_109, i_119, i_129, i_139, i_149, i_159, i_169, i_175, i_176; 
  long long l_5, l_6, l_7, l_11, l_12, l_13, l_17, l_18, l_22, l_23, l_24, l_28, l_29, l_33, l_34, l_35, l_39, l_40, l_44, l_45, l_46, l_50, l_51, l_55, l_56, l_57, l_61, l_62, l_66, l_67, l_68, l_72, l_73, l_77, l_78, l_79, l_83, l_84, l_88, l_89, l_90, l_94, l_95, l_96, l_100, l_101, l_102, l_105, l_106, l_110, l_111, l_112, l_115, l_116, l_120, l_121, l_122, l_125, l_126, l_130, l_131, l_132, l_135, l_136, l_140, l_141, l_142, l_145, l_146, l_150, l_151, l_152, l_155, l_156, l_160, l_161, l_162, l_165, l_166, l_170, l_171, l_172, l_177, l_178, l_179; 
  __half half_9, half_15, half_20, half_26, half_31, half_37, half_42, half_48, half_53, half_59, half_64, half_70, half_75, half_81, half_86, half_92, half_98, half_104, half_108, half_114, half_118, half_124, half_128, half_134, half_138, half_144, half_148, half_154, half_158, half_164, half_168, half_174; 
  float f_181, f_182, f_183, f_184, f_185, f_186, f_187, f_188, f_189, f_190, f_191, f_192, f_193, f_194, f_195, f_196, f_197, f_198, f_199, f_200, f_201, f_202, f_203, f_204, f_205, f_206, f_207, f_208, f_209, f_210, f_211, f_212, f_213, f_214, f_215, f_216, f_217, f_218, f_219, f_220, f_221, f_222, f_223, f_224, f_225, f_226, f_227, f_228; 

  // BLOCK 0
  ul_0  =  (unsigned long long) arg1;
  ul_1  =  (unsigned long long) arg2;
  ul_2  =  (unsigned long long) arg3;
  i_3  =  (blockIdx.x*blockDim.x+threadIdx.x);
  i_4  =  i_3 << 4;
  l_5  =  (long long) i_4;
  l_6  =  l_5 + 8L;
  l_7  =  l_6 << 1;
  ul_8  =  ul_0 + l_7;
  half_9  =  *(( __half *) ul_8);
  i_10  =  (blockIdx.y*blockDim.y+threadIdx.y);
  l_11  =  (long long) i_10;
  l_12  =  l_11 + 8L;
  l_13  =  l_12 << 1;
  ul_14  =  ul_1 + l_13;
  half_15  =  *(( __half *) ul_14);
  i_16  =  i_4 + 9;
  l_17  =  (long long) i_16;
  l_18  =  l_17 << 1;
  ul_19  =  ul_0 + l_18;
  half_20  =  *(( __half *) ul_19);
  i_21  =  i_10 + 8;
  l_22  =  (long long) i_21;
  l_23  =  l_22 + 8L;
  l_24  =  l_23 << 1;
  ul_25  =  ul_1 + l_24;
  half_26  =  *(( __half *) ul_25);
  i_27  =  i_4 + 10;
  l_28  =  (long long) i_27;
  l_29  =  l_28 << 1;
  ul_30  =  ul_0 + l_29;
  half_31  =  *(( __half *) ul_30);
  i_32  =  i_10 + 16;
  l_33  =  (long long) i_32;
  l_34  =  l_33 + 8L;
  l_35  =  l_34 << 1;
  ul_36  =  ul_1 + l_35;
  half_37  =  *(( __half *) ul_36);
  i_38  =  i_4 + 11;
  l_39  =  (long long) i_38;
  l_40  =  l_39 << 1;
  ul_41  =  ul_0 + l_40;
  half_42  =  *(( __half *) ul_41);
  i_43  =  i_10 + 24;
  l_44  =  (long long) i_43;
  l_45  =  l_44 + 8L;
  l_46  =  l_45 << 1;
  ul_47  =  ul_1 + l_46;
  half_48  =  *(( __half *) ul_47);
  i_49  =  i_4 + 12;
  l_50  =  (long long) i_49;
  l_51  =  l_50 << 1;
  ul_52  =  ul_0 + l_51;
  half_53  =  *(( __half *) ul_52);
  i_54  =  i_10 + 32;
  l_55  =  (long long) i_54;
  l_56  =  l_55 + 8L;
  l_57  =  l_56 << 1;
  ul_58  =  ul_1 + l_57;
  half_59  =  *(( __half *) ul_58);
  i_60  =  i_4 + 13;
  l_61  =  (long long) i_60;
  l_62  =  l_61 << 1;
  ul_63  =  ul_0 + l_62;
  half_64  =  *(( __half *) ul_63);
  i_65  =  i_10 + 40;
  l_66  =  (long long) i_65;
  l_67  =  l_66 + 8L;
  l_68  =  l_67 << 1;
  ul_69  =  ul_1 + l_68;
  half_70  =  *(( __half *) ul_69);
  i_71  =  i_4 + 14;
  l_72  =  (long long) i_71;
  l_73  =  l_72 << 1;
  ul_74  =  ul_0 + l_73;
  half_75  =  *(( __half *) ul_74);
  i_76  =  i_10 + 48;
  l_77  =  (long long) i_76;
  l_78  =  l_77 + 8L;
  l_79  =  l_78 << 1;
  ul_80  =  ul_1 + l_79;
  half_81  =  *(( __half *) ul_80);
  i_82  =  i_4 + 15;
  l_83  =  (long long) i_82;
  l_84  =  l_83 << 1;
  ul_85  =  ul_0 + l_84;
  half_86  =  *(( __half *) ul_85);
  i_87  =  i_10 + 56;
  l_88  =  (long long) i_87;
  l_89  =  l_88 + 8L;
  l_90  =  l_89 << 1;
  ul_91  =  ul_1 + l_90;
  half_92  =  *(( __half *) ul_91);
  i_93  =  i_4 + 8;
  l_94  =  (long long) i_93;
  l_95  =  l_94 + 8L;
  l_96  =  l_95 << 1;
  ul_97  =  ul_0 + l_96;
  half_98  =  *(( __half *) ul_97);
  i_99  =  i_10 + 64;
  l_100  =  (long long) i_99;
  l_101  =  l_100 + 8L;
  l_102  =  l_101 << 1;
  ul_103  =  ul_1 + l_102;
  half_104  =  *(( __half *) ul_103);
  l_105  =  l_17 + 8L;
  l_106  =  l_105 << 1;
  ul_107  =  ul_0 + l_106;
  half_108  =  *(( __half *) ul_107);
  i_109  =  i_10 + 72;
  l_110  =  (long long) i_109;
  l_111  =  l_110 + 8L;
  l_112  =  l_111 << 1;
  ul_113  =  ul_1 + l_112;
  half_114  =  *(( __half *) ul_113);
  l_115  =  l_28 + 8L;
  l_116  =  l_115 << 1;
  ul_117  =  ul_0 + l_116;
  half_118  =  *(( __half *) ul_117);
  i_119  =  i_10 + 80;
  l_120  =  (long long) i_119;
  l_121  =  l_120 + 8L;
  l_122  =  l_121 << 1;
  ul_123  =  ul_1 + l_122;
  half_124  =  *(( __half *) ul_123);
  l_125  =  l_39 + 8L;
  l_126  =  l_125 << 1;
  ul_127  =  ul_0 + l_126;
  half_128  =  *(( __half *) ul_127);
  i_129  =  i_10 + 88;
  l_130  =  (long long) i_129;
  l_131  =  l_130 + 8L;
  l_132  =  l_131 << 1;
  ul_133  =  ul_1 + l_132;
  half_134  =  *(( __half *) ul_133);
  l_135  =  l_50 + 8L;
  l_136  =  l_135 << 1;
  ul_137  =  ul_0 + l_136;
  half_138  =  *(( __half *) ul_137);
  i_139  =  i_10 + 96;
  l_140  =  (long long) i_139;
  l_141  =  l_140 + 8L;
  l_142  =  l_141 << 1;
  ul_143  =  ul_1 + l_142;
  half_144  =  *(( __half *) ul_143);
  l_145  =  l_61 + 8L;
  l_146  =  l_145 << 1;
  ul_147  =  ul_0 + l_146;
  half_148  =  *(( __half *) ul_147);
  i_149  =  i_10 + 104;
  l_150  =  (long long) i_149;
  l_151  =  l_150 + 8L;
  l_152  =  l_151 << 1;
  ul_153  =  ul_1 + l_152;
  half_154  =  *(( __half *) ul_153);
  l_155  =  l_72 + 8L;
  l_156  =  l_155 << 1;
  ul_157  =  ul_0 + l_156;
  half_158  =  *(( __half *) ul_157);
  i_159  =  i_10 + 112;
  l_160  =  (long long) i_159;
  l_161  =  l_160 + 8L;
  l_162  =  l_161 << 1;
  ul_163  =  ul_1 + l_162;
  half_164  =  *(( __half *) ul_163);
  l_165  =  l_83 + 8L;
  l_166  =  l_165 << 1;
  ul_167  =  ul_0 + l_166;
  half_168  =  *(( __half *) ul_167);
  i_169  =  i_10 + 120;
  l_170  =  (long long) i_169;
  l_171  =  l_170 + 8L;
  l_172  =  l_171 << 1;
  ul_173  =  ul_1 + l_172;
  half_174  =  *(( __half *) ul_173);
  i_175  =  i_3 << 3;
  i_176  =  i_175 + i_10;
  l_177  =  (long long) i_176;
  l_178  =  l_177 + 4L;
  l_179  =  l_178 << 2;
  ul_180  =  ul_2 + l_179;
  f_181  =  __half2float(half_168);
  f_182  =  __half2float(half_174);
  f_183  =  __half2float(half_158);
  f_184  =  __half2float(half_164);
  f_185  =  __half2float(half_148);
  f_186  =  __half2float(half_154);
  f_187  =  __half2float(half_138);
  f_188  =  __half2float(half_144);
  f_189  =  __half2float(half_128);
  f_190  =  __half2float(half_134);
  f_191  =  __half2float(half_118);
  f_192  =  __half2float(half_124);
  f_193  =  __half2float(half_108);
  f_194  =  __half2float(half_114);
  f_195  =  __half2float(half_98);
  f_196  =  __half2float(half_104);
  f_197  =  __half2float(half_86);
  f_198  =  __half2float(half_92);
  f_199  =  __half2float(half_75);
  f_200  =  __half2float(half_81);
  f_201  =  __half2float(half_64);
  f_202  =  __half2float(half_70);
  f_203  =  __half2float(half_53);
  f_204  =  __half2float(half_59);
  f_205  =  __half2float(half_42);
  f_206  =  __half2float(half_48);
  f_207  =  __half2float(half_31);
  f_208  =  __half2float(half_37);
  f_209  =  __half2float(half_20);
  f_210  =  __half2float(half_26);
  f_211  =  __half2float(half_9);
  f_212  =  __half2float(half_15);
  f_213  =  fma(f_211, f_212, 0.0F);
  f_214  =  fma(f_209, f_210, f_213);
  f_215  =  fma(f_207, f_208, f_214);
  f_216  =  fma(f_205, f_206, f_215);
  f_217  =  fma(f_203, f_204, f_216);
  f_218  =  fma(f_201, f_202, f_217);
  f_219  =  fma(f_199, f_200, f_218);
  f_220  =  fma(f_197, f_198, f_219);
  f_221  =  fma(f_195, f_196, f_220);
  f_222  =  fma(f_193, f_194, f_221);
  f_223  =  fma(f_191, f_192, f_222);
  f_224  =  fma(f_189, f_190, f_223);
  f_225  =  fma(f_187, f_188, f_224);
  f_226  =  fma(f_185, f_186, f_225);
  f_227  =  fma(f_183, f_184, f_226);
  f_228  =  fma(f_181, f_182, f_227);
  *(( float *) ul_180)  =  f_228;
  return;
}  //  kernel

#include <cuda_fp16.h>
extern "C" __global__ void gemmMMASingleTile(long long *_kernel_context, unsigned char *_constant_region, unsigned char *_local_region, int *_atomics, unsigned char *arg1, unsigned char *arg2, unsigned char *arg3)
{
  unsigned long long ul_0, ul_1, ul_2, ul_18, ul_24, ul_47, ul_53; 
  int i_5, i_6, i_7, i_8, i_9, i_10, i_11, i_12, i_13, i_14, i_20, i_26, i_27, i_34, i_35, i_36, i_37, i_38, i_39, i_40, i_41, i_42, i_43, i_49, i_61; 
  long long l_15, l_16, l_17, l_21, l_22, l_23, l_44, l_45, l_46, l_50, l_51, l_52; 
  __half half_19, half_25, half_48, half_54; 
  unsigned int ui_28, ui_29, ui_30, ui_31, ui_32, ui_33, ui_55, ui_56, ui_57, ui_58, ui_59, ui_60; 

  // BLOCK 0
  ul_0  =  (unsigned long long) arg1;
  ul_1  =  (unsigned long long) arg2;
  ul_2  =  (unsigned long long) arg3;
  __shared__ int adi_3[128];
  __shared__ int adi_4[64];
  i_5  =  (threadIdx.x);
  // BLOCK 1 MERGES [0 2 ]
  i_6  =  i_5;
  for(;i_6 < 128;)
  {
    // BLOCK 2
    i_7  =  i_6 % 8;
    i_8  =  i_7 << 1;
    i_9  =  i_6 >> 31;
    i_10  =  i_9 >> 29;
    i_11  =  i_10 + i_6;
    i_12  =  i_11 >> 3;
    i_13  =  i_12 << 4;
    i_14  =  i_8 + i_13;
    l_15  =  (long long) i_14;
    l_16  =  l_15 + 8L;
    l_17  =  l_16 << 1;
    ul_18  =  ul_0 + l_17;
    half_19  =  *(( __half *) ul_18);
    i_20  =  i_14 + 1;
    l_21  =  (long long) i_20;
    l_22  =  l_21 + 8L;
    l_23  =  l_22 << 1;
    ul_24  =  ul_0 + l_23;
    half_25  =  *(( __half *) ul_24);
    i_26  =  i_11 & -8;
    i_27  =  i_26 + i_7;
    ui_28 = (unsigned) __half_as_ushort(half_19);
    ui_29  =  ui_28 & 65535;
    ui_30 = (unsigned) __half_as_ushort(half_25);
    ui_31  =  ui_30 & 65535;
    ui_32  =  ui_31 << 16;
    ui_33  =  ui_29 | ui_32;
    adi_3[i_27]  =  ui_33;
    i_34  =  i_6 + 32;
    i_6  =  i_34;
  }  // B1
  // BLOCK 3
  // BLOCK 4 MERGES [3 5 ]
  i_35  =  i_5;
  for(;i_35 < 64;)
  {
    // BLOCK 5
    i_36  =  i_35 % 4;
    i_37  =  i_36 << 1;
    i_38  =  i_35 >> 31;
    i_39  =  i_38 >> 30;
    i_40  =  i_39 + i_35;
    i_41  =  i_40 >> 2;
    i_42  =  i_41 << 3;
    i_43  =  i_37 + i_42;
    l_44  =  (long long) i_43;
    l_45  =  l_44 + 8L;
    l_46  =  l_45 << 1;
    ul_47  =  ul_1 + l_46;
    half_48  =  *(( __half *) ul_47);
    i_49  =  i_43 + 1;
    l_50  =  (long long) i_49;
    l_51  =  l_50 + 8L;
    l_52  =  l_51 << 1;
    ul_53  =  ul_1 + l_52;
    half_54  =  *(( __half *) ul_53);
    ui_55 = (unsigned) __half_as_ushort(half_48);
    ui_56  =  ui_55 & 65535;
    ui_57 = (unsigned) __half_as_ushort(half_54);
    ui_58  =  ui_57 & 65535;
    ui_59  =  ui_58 << 16;
    ui_60  =  ui_56 | ui_59;
    adi_4[i_35]  =  ui_60;
    i_61  =  i_35 + 32;
    i_35  =  i_61;
  }  // B4
  // BLOCK 6
  __syncthreads();
  unsigned mma_a_h_62[4];
  {
    unsigned __lane = threadIdx.x & 31u;
    unsigned __rit  = __lane & 7u;
    unsigned __grp  = __lane >> 3;
    unsigned __bo;
    unsigned __row = ((__grp & 1u) << 3) + __rit;
    unsigned __col = (__grp >> 1) << 4;
    __bo = (__row << 5) + __col;
    unsigned __smem;
    asm volatile("{ .reg .u64 u; cvta.to.shared.u64 u, %1; cvt.u32.u64 %0, u; }" : "=r"(__smem) : "l"((const char *) adi_3 + __bo));
    asm volatile("ldmatrix.sync.aligned.m8n8.x4.shared.b16 {%0,%1,%2,%3}, [%4];" : "=r"(mma_a_h_62[0]), "=r"(mma_a_h_62[1]), "=r"(mma_a_h_62[2]), "=r"(mma_a_h_62[3]) : "r"(__smem));
  }
  unsigned mma_b_h_63[2];
  {
    unsigned __lane = threadIdx.x & 31u;
    unsigned __rit  = __lane & 7u;
    unsigned __grp  = __lane >> 3;
    unsigned __bo;
    unsigned __col = (__grp & 1u) << 7;
    __bo = (__rit << 4) + __col;
    unsigned __smem;
    asm volatile("{ .reg .u64 u; cvta.to.shared.u64 u, %1; cvt.u32.u64 %0, u; }" : "=r"(__smem) : "l"((const char *) adi_4 + __bo));
    asm volatile("ldmatrix.sync.aligned.m8n8.x2.trans.shared.b16 {%0,%1}, [%2];" : "=r"(mma_b_h_63[0]), "=r"(mma_b_h_63[1]) : "r"(__smem));
  }
  float mma_acc_f_64[4];
  mma_acc_f_64[0] = 0.0F;
  mma_acc_f_64[1] = 0.0F;
  mma_acc_f_64[2] = 0.0F;
  mma_acc_f_64[3] = 0.0F;
  float mma_acc_f_65[4];
  asm volatile("mma.sync.aligned.m16n8k16.row.col.f32.f16.f16.f32 {%0,%1,%2,%3}, {%4,%5,%6,%7}, {%8,%9}, {%10,%11,%12,%13};" : "=f"(mma_acc_f_65[0]), "=f"(mma_acc_f_65[1]), "=f"(mma_acc_f_65[2]), "=f"(mma_acc_f_65[3]) : "r"(mma_a_h_62[0]), "r"(mma_a_h_62[1]), "r"(mma_a_h_62[2]), "r"(mma_a_h_62[3]), "r"(mma_b_h_63[0]), "r"(mma_b_h_63[1]), "f"(mma_acc_f_64[0]), "f"(mma_acc_f_64[1]), "f"(mma_acc_f_64[2]), "f"(mma_acc_f_64[3]));
  {
    unsigned __lane = threadIdx.x & 31u;
    unsigned __rit0 = (__lane >> 2);
    unsigned __cit0 = ((__lane & 3u) << 1);
    unsigned __idx0 = (0 + __rit0) * 8 + (0 + __cit0);
    ((float *) ((char *) ul_2 + 16u))[__idx0] = mma_acc_f_65[0];
    unsigned __rit1 = (__lane >> 2);
    unsigned __cit1 = ((__lane & 3u) << 1) + 1u;
    unsigned __idx1 = (0 + __rit1) * 8 + (0 + __cit1);
    ((float *) ((char *) ul_2 + 16u))[__idx1] = mma_acc_f_65[1];
    unsigned __rit2 = (__lane >> 2) + 8u;
    unsigned __cit2 = ((__lane & 3u) << 1);
    unsigned __idx2 = (0 + __rit2) * 8 + (0 + __cit2);
    ((float *) ((char *) ul_2 + 16u))[__idx2] = mma_acc_f_65[2];
    unsigned __rit3 = (__lane >> 2) + 8u;
    unsigned __cit3 = ((__lane & 3u) << 1) + 1u;
    unsigned __idx3 = (0 + __rit3) * 8 + (0 + __cit3);
    ((float *) ((char *) ul_2 + 16u))[__idx3] = mma_acc_f_65[3];
  }
  return;
}  //  kernel

  [scalar (no MMA)] validation PASSED (max abs err 0.00000, 0/128 cells out of tol)
  [mma.sync (Tensor Core)] validation PASSED (max abs err 0.00000, 0/128 cells out of tol)
Result is correct
