WARNING: module-info.class ignored in patch: /home/michalis/.sdkman/candidates/tornadovm/6.0.0-jdk22plus-cuda/share/java/jvmci/jvmci-21.0.2.jar
Integrated CUDA showcase: units=6 m=8 n=8 executions=20 mode=all
Pipeline per unit: JIT scale -> cuBLAS sgemv -> JIT bias (demo 04's shape x 6 independent chains, one TaskGraph)

=== BASELINE (single stream, no graph) ===
WARNING: A terminally deprecated method in sun.misc.Unsafe has been called
WARNING: sun.misc.Unsafe::objectFieldOffset has been called by uk.ac.manchester.tornado.runtime.TornadoVMConfigAccess (file:/home/michalis/.sdkman/candidates/tornadovm/6.0.0-jdk22plus-cuda/share/java/tornado/tornado-runtime-6.0.0.jar)
WARNING: Please consider reporting this to the maintainers of class uk.ac.manchester.tornado.runtime.TornadoVMConfigAccess
WARNING: sun.misc.Unsafe::objectFieldOffset will be removed in a future release
execution 0: correct, wall=195486 us
execution 1: correct, wall=1333 us
execution 2: correct, wall=1109 us
execution 3: correct, wall=1110 us
execution 4: correct, wall=1036 us
execution 5: correct, wall=984 us
execution 6: correct, wall=833 us
execution 7: correct, wall=871 us
execution 8: correct, wall=811 us
execution 9: correct, wall=801 us
execution 10: correct, wall=1206 us
execution 11: correct, wall=709 us
execution 12: correct, wall=702 us
execution 13: correct, wall=726 us
execution 14: correct, wall=781 us
execution 15: correct, wall=774 us
execution 16: correct, wall=646 us
execution 17: correct, wall=664 us
execution 18: correct, wall=685 us
execution 19: correct, wall=680 us
BASELINE (single stream, no graph) first execution (JIT/capture): 195486 us
BASELINE (single stream, no graph) steady-state median wall-clock (n=19): 811 us
BASELINE (single stream, no graph): All executions correct

=== CONCURRENT (withIntraPlanConcurrency) ===
execution 0: correct, wall=55363 us
execution 1: correct, wall=1541 us
execution 2: correct, wall=1203 us
execution 3: correct, wall=836 us
execution 4: correct, wall=788 us
execution 5: correct, wall=790 us
execution 6: correct, wall=765 us
execution 7: correct, wall=739 us
execution 8: correct, wall=737 us
execution 9: correct, wall=747 us
execution 10: correct, wall=723 us
execution 11: correct, wall=849 us
execution 12: correct, wall=746 us
execution 13: correct, wall=729 us
execution 14: correct, wall=581 us
execution 15: correct, wall=586 us
execution 16: correct, wall=569 us
execution 17: correct, wall=576 us
execution 18: correct, wall=592 us
execution 19: correct, wall=633 us
CONCURRENT (withIntraPlanConcurrency) first execution (JIT/capture): 55363 us
CONCURRENT (withIntraPlanConcurrency) steady-state median wall-clock (n=19): 746 us
CONCURRENT (withIntraPlanConcurrency): All executions correct

=== GRAPH (withCUDAGraph) ===
execution 0: correct, wall=30896 us
execution 1: correct, wall=184 us
execution 2: correct, wall=151 us
execution 3: correct, wall=153 us
execution 4: correct, wall=154 us
execution 5: correct, wall=149 us
execution 6: correct, wall=166 us
execution 7: correct, wall=139 us
execution 8: correct, wall=138 us
execution 9: correct, wall=140 us
execution 10: correct, wall=139 us
execution 11: correct, wall=139 us
execution 12: correct, wall=145 us
execution 13: correct, wall=139 us
execution 14: correct, wall=140 us
execution 15: correct, wall=146 us
execution 16: correct, wall=138 us
execution 17: correct, wall=137 us
execution 18: correct, wall=146 us
execution 19: correct, wall=142 us
GRAPH (withCUDAGraph) first execution (JIT/capture): 30896 us
GRAPH (withCUDAGraph) steady-state median wall-clock (n=19): 145 us
GRAPH (withCUDAGraph): All executions correct

=== COMBINED-EXPERIMENTAL (withCUDAGraph + withIntraPlanConcurrency) ===
execution 0: correct, wall=32669 us
execution 1: correct, wall=187 us
execution 2: correct, wall=143 us
execution 3: correct, wall=141 us
execution 4: correct, wall=141 us
execution 5: correct, wall=157 us
execution 6: correct, wall=149 us
execution 7: correct, wall=139 us
execution 8: correct, wall=149 us
execution 9: correct, wall=148 us
execution 10: correct, wall=139 us
execution 11: correct, wall=144 us
execution 12: correct, wall=141 us
execution 13: correct, wall=141 us
execution 14: correct, wall=139 us
execution 15: correct, wall=148 us
execution 16: correct, wall=139 us
execution 17: correct, wall=139 us
execution 18: correct, wall=151 us
execution 19: correct, wall=146 us
COMBINED-EXPERIMENTAL (withCUDAGraph + withIntraPlanConcurrency) first execution (JIT/capture): 32669 us
COMBINED-EXPERIMENTAL (withCUDAGraph + withIntraPlanConcurrency) steady-state median wall-clock (n=19): 144 us
COMBINED-EXPERIMENTAL (withCUDAGraph + withIntraPlanConcurrency): All executions correct

=== Summary (steady-state median us, this run/this GPU) ===
baseline   : 811.0
concurrent : 746.0 (1.09x vs baseline)
graph      : 145.0 (5.59x vs baseline)
combined   : 144.0 (5.63x vs baseline)

=== BONUS: Tensor Core mma.sync single-tile GEMM (demo 08 kernel, reused) ===
Tensor Core tile validation: PASSED (max abs err 0.00000, 0/128 cells out of tol)
