== 00-hello-gpu
OK   00-hello-gpu -- compile
OK   00-hello-gpu -- tornado launcher
OK   00-hello-gpu -- java @argfile
== 01-first-cuda-kernel
OK   01-first-cuda-kernel -- compile
OK   01-first-cuda-kernel -- tornado launcher
OK   01-first-cuda-kernel -- java @argfile
== 02-cuda-runtime-api
OK   02-cuda-runtime-api -- compile
OK   02-cuda-runtime-api -- tornado launcher
OK   02-cuda-runtime-api -- java @argfile
== 04-cublas-hybrid
OK   04-cublas-hybrid -- compile
OK   04-cublas-hybrid -- tornado launcher
OK   04-cublas-hybrid -- java @argfile
== 05-cufft-hybrid
OK   05-cufft-hybrid -- compile
OK   05-cufft-hybrid -- tornado launcher
OK   05-cufft-hybrid -- java @argfile
== 06-cuda-streams
OK   06-cuda-streams -- compile
OK   06-cuda-streams -- tornado launcher
OK   06-cuda-streams -- java @argfile
== 07-cuda-graph-benefit
OK   07-cuda-graph-benefit -- compile
OK   07-cuda-graph-benefit -- tornado launcher
OK   07-cuda-graph-benefit -- java @argfile
== 08-tensor-core-mma
OK   08-tensor-core-mma -- compile
OK   08-tensor-core-mma -- tornado launcher
OK   08-tensor-core-mma -- java @argfile
== 11-integrated-showcase
OK   11-integrated-showcase -- compile
OK   11-integrated-showcase -- tornado launcher
OK   11-integrated-showcase -- java @argfile

== Summary: 27 passed, 0 failed ==
   logs: <temp dir>
