WARNING: module-info.class ignored in patch: /home/michalis/.sdkman/candidates/tornadovm/7.2.0-jdk22plus-cuda/share/java/jvmci/jvmci-21.0.2.jar
units=8 unitSize=32768 innerIterations=65536 executions=8 mode=both

=== SEQUENTIAL (single stream) ===
WARNING: A terminally deprecated method in sun.misc.Unsafe has been called
WARNING: sun.misc.Unsafe::objectFieldOffset has been called by uk.ac.manchester.tornado.runtime.TornadoVMConfigAccess (file:/home/michalis/.sdkman/candidates/tornadovm/7.2.0-jdk22plus-cuda/share/java/tornado/tornado-runtime-7.2.0.jar)
WARNING: Please consider reporting this to the maintainers of class uk.ac.manchester.tornado.runtime.TornadoVMConfigAccess
WARNING: sun.misc.Unsafe::objectFieldOffset will be removed in a future release
execution 0: correct, wall=163171 us
execution 1: correct, wall=1432 us
execution 2: correct, wall=1246 us
execution 3: correct, wall=1319 us
execution 4: correct, wall=1277 us
execution 5: correct, wall=1231 us
execution 6: correct, wall=1236 us
execution 7: correct, wall=1208 us
SEQUENTIAL (single stream) median wall-clock (all 8 executions incl. first/JIT): 1277 us
SEQUENTIAL (single stream) median wall-clock (excl. first execution): 1277 us
SEQUENTIAL (single stream): All executions correct

=== CONCURRENT (withIntraPlanConcurrency) ===
execution 0: correct, wall=58739 us
execution 1: correct, wall=830 us
execution 2: correct, wall=849 us
execution 3: correct, wall=950 us
execution 4: correct, wall=682 us
execution 5: correct, wall=770 us
execution 6: correct, wall=657 us
execution 7: correct, wall=966 us
CONCURRENT (withIntraPlanConcurrency) median wall-clock (all 8 executions incl. first/JIT): 849 us
CONCURRENT (withIntraPlanConcurrency) median wall-clock (excl. first execution): 849 us
CONCURRENT (withIntraPlanConcurrency): All executions correct
