# run 1
Matrix-multiply ladder (hand-written CUDA): C = A * B, FP32, 2048x2048
  10 reps per rung, median, inputs uploaded once

    1. naive                         validation PASSED (max abs err 0.00000, 0/4194304 out of tol)
    2. tiled                         validation PASSED (max abs err 0.00000, 0/4194304 out of tol)
    3. register-tiled                validation PASSED (max abs err 0.00000, 0/4194304 out of tol)
    4. cuBLAS sgemm                  validation PASSED (max abs err 0.00000, 0/4194304 out of tol)
    5. cuBLAS sgemm TF32             validation PASSED (max abs err 0.00007, 0/4194304 out of tol)

=== Summary (median us, this run / this GPU) ===
rung                      median us      GFLOP/s   vs naive
1. naive                       3383       5077.8       1.0x
2. tiled                       2593       6624.9       1.3x
3. register-tiled               489      35140.5       6.9x
4. cuBLAS sgemm                 314      54694.7      10.8x
5. cuBLAS sgemm TF32            223      76874.3      15.1x

All five rungs produced the same, correct result
# run 2
Matrix-multiply ladder (hand-written CUDA): C = A * B, FP32, 2048x2048
  10 reps per rung, median, inputs uploaded once

    1. naive                         validation PASSED (max abs err 0.00000, 0/4194304 out of tol)
    2. tiled                         validation PASSED (max abs err 0.00000, 0/4194304 out of tol)
    3. register-tiled                validation PASSED (max abs err 0.00000, 0/4194304 out of tol)
    4. cuBLAS sgemm                  validation PASSED (max abs err 0.00000, 0/4194304 out of tol)
    5. cuBLAS sgemm TF32             validation PASSED (max abs err 0.00007, 0/4194304 out of tol)

=== Summary (median us, this run / this GPU) ===
rung                      median us      GFLOP/s   vs naive
1. naive                       3384       5077.2       1.0x
2. tiled                       2593       6625.6       1.3x
3. register-tiled               489      35121.5       6.9x
4. cuBLAS sgemm                 314      54681.3      10.8x
5. cuBLAS sgemm TF32            224      76865.7      15.1x

All five rungs produced the same, correct result
# run 3
Matrix-multiply ladder (hand-written CUDA): C = A * B, FP32, 2048x2048
  10 reps per rung, median, inputs uploaded once

    1. naive                         validation PASSED (max abs err 0.00000, 0/4194304 out of tol)
    2. tiled                         validation PASSED (max abs err 0.00000, 0/4194304 out of tol)
    3. register-tiled                validation PASSED (max abs err 0.00000, 0/4194304 out of tol)
    4. cuBLAS sgemm                  validation PASSED (max abs err 0.00000, 0/4194304 out of tol)
    5. cuBLAS sgemm TF32             validation PASSED (max abs err 0.00007, 0/4194304 out of tol)

=== Summary (median us, this run / this GPU) ===
rung                      median us      GFLOP/s   vs naive
1. naive                       3383       5077.6       1.0x
2. tiled                       2593       6626.0       1.3x
3. register-tiled               489      35138.0       6.9x
4. cuBLAS sgemm                 314      54752.4      10.8x
5. cuBLAS sgemm TF32            223      76933.9      15.2x

All five rungs produced the same, correct result
