WARNING: module-info.class ignored in patch: /home/michalis/tornadovm-devoxx2026-cuda-demos/vendor/tornadovm/dist/tornadovm-6.1.1-jdk22plus-dev-cuda-linux-amd64/tornadovm-6.1.1-jdk22plus-dev-cuda/share/java/jvmci/jvmci-21.0.2.jar
Integrated CUDA showcase: units=6 m=8 n=8 executions=20 mode=all
Pipeline per unit: JIT scale -> cuBLAS sgemv -> JIT bias (demo 04's shape x 6 independent chains, one TaskGraph)

=== BASELINE (single stream, no graph) ===
WARNING: A terminally deprecated method in sun.misc.Unsafe has been called
WARNING: sun.misc.Unsafe::objectFieldOffset has been called by uk.ac.manchester.tornado.runtime.TornadoVMConfigAccess (file:/home/michalis/tornadovm-devoxx2026-cuda-demos/vendor/tornadovm/dist/tornadovm-6.1.1-jdk22plus-dev-cuda-linux-amd64/tornadovm-6.1.1-jdk22plus-dev-cuda/share/java/tornado/tornado-runtime-6.1.1-jdk22plus-dev.jar)
WARNING: Please consider reporting this to the maintainers of class uk.ac.manchester.tornado.runtime.TornadoVMConfigAccess
WARNING: sun.misc.Unsafe::objectFieldOffset will be removed in a future release
execution 0: correct, wall=184123 us
execution 1: correct, wall=1437 us
execution 2: correct, wall=1145 us
execution 3: correct, wall=1153 us
execution 4: correct, wall=1171 us
execution 5: correct, wall=1052 us
execution 6: correct, wall=930 us
execution 7: correct, wall=1006 us
execution 8: correct, wall=850 us
execution 9: correct, wall=787 us
execution 10: correct, wall=1268 us
execution 11: correct, wall=743 us
execution 12: correct, wall=722 us
execution 13: correct, wall=747 us
execution 14: correct, wall=810 us
execution 15: correct, wall=920 us
execution 16: correct, wall=607 us
execution 17: correct, wall=663 us
execution 18: correct, wall=697 us
execution 19: correct, wall=645 us
BASELINE (single stream, no graph) first execution (JIT/capture): 184123 us
BASELINE (single stream, no graph) steady-state median wall-clock (n=19): 920 us
BASELINE (single stream, no graph): All executions correct

=== CONCURRENT (withIntraPlanConcurrency) ===
execution 0: correct, wall=58968 us
execution 1: correct, wall=1625 us
execution 2: correct, wall=1284 us
execution 3: correct, wall=1027 us
execution 4: correct, wall=884 us
execution 5: correct, wall=875 us
execution 6: correct, wall=1238 us
execution 7: correct, wall=1425 us
execution 8: correct, wall=1005 us
execution 9: correct, wall=826 us
execution 10: correct, wall=833 us
execution 11: correct, wall=800 us
execution 12: correct, wall=810 us
execution 13: correct, wall=890 us
execution 14: correct, wall=731 us
execution 15: correct, wall=660 us
execution 16: correct, wall=586 us
execution 17: correct, wall=566 us
execution 18: correct, wall=591 us
execution 19: correct, wall=669 us
CONCURRENT (withIntraPlanConcurrency) first execution (JIT/capture): 58968 us
CONCURRENT (withIntraPlanConcurrency) steady-state median wall-clock (n=19): 875 us
CONCURRENT (withIntraPlanConcurrency): All executions correct

=== GRAPH (withCUDAGraph) ===
execution 0: correct, wall=33439 us
execution 1: correct, wall=151 us
execution 2: correct, wall=90 us
execution 3: correct, wall=98 us
execution 4: correct, wall=85 us
execution 5: correct, wall=84 us
execution 6: correct, wall=89 us
execution 7: correct, wall=84 us
execution 8: correct, wall=94 us
execution 9: correct, wall=82 us
execution 10: correct, wall=77 us
execution 11: correct, wall=74 us
execution 12: correct, wall=77 us
execution 13: correct, wall=78 us
execution 14: correct, wall=75 us
execution 15: correct, wall=81 us
execution 16: correct, wall=73 us
execution 17: correct, wall=75 us
execution 18: correct, wall=80 us
execution 19: correct, wall=81 us
GRAPH (withCUDAGraph) first execution (JIT/capture): 33439 us
GRAPH (withCUDAGraph) steady-state median wall-clock (n=19): 82 us
GRAPH (withCUDAGraph): All executions correct

=== COMBINED-EXPERIMENTAL (withCUDAGraph + withIntraPlanConcurrency) ===
execution 0: correct, wall=33104 us
execution 1: correct, wall=116 us
execution 2: correct, wall=81 us
execution 3: correct, wall=87 us
execution 4: correct, wall=77 us
execution 5: correct, wall=85 us
execution 6: correct, wall=81 us
execution 7: correct, wall=83 us
execution 8: correct, wall=80 us
execution 9: correct, wall=99 us
execution 10: correct, wall=85 us
execution 11: correct, wall=83 us
execution 12: correct, wall=77 us
execution 13: correct, wall=82 us
execution 14: correct, wall=85 us
execution 15: correct, wall=74 us
execution 16: correct, wall=96 us
execution 17: correct, wall=74 us
execution 18: correct, wall=82 us
execution 19: correct, wall=86 us
COMBINED-EXPERIMENTAL (withCUDAGraph + withIntraPlanConcurrency) first execution (JIT/capture): 33104 us
COMBINED-EXPERIMENTAL (withCUDAGraph + withIntraPlanConcurrency) steady-state median wall-clock (n=19): 83 us
COMBINED-EXPERIMENTAL (withCUDAGraph + withIntraPlanConcurrency): All executions correct

=== Summary (steady-state median us, this run/this GPU) ===
baseline   : 920.0
concurrent : 875.0 (1.05x vs baseline)
graph      : 82.0 (11.22x vs baseline)
combined   : 83.0 (11.08x vs baseline)

=== BONUS: Tensor Core mma.sync single-tile GEMM (demo 08 kernel, reused) ===
Tensor Core tile validation: PASSED (max abs err 0.00000, 0/128 cells out of tol)
