WARNING: module-info.class ignored in patch: /home/michalis/tornadovm-devoxx2026-cuda-demos/vendor/tornadovm/dist/tornadovm-6.1.1-jdk22plus-dev-cuda-linux-amd64/tornadovm-6.1.1-jdk22plus-dev-cuda/share/java/jvmci/jvmci-21.0.2.jar
WARNING: A terminally deprecated method in sun.misc.Unsafe has been called
WARNING: sun.misc.Unsafe::objectFieldOffset has been called by uk.ac.manchester.tornado.runtime.TornadoVMConfigAccess (file:/home/michalis/tornadovm-devoxx2026-cuda-demos/vendor/tornadovm/dist/tornadovm-6.1.1-jdk22plus-dev-cuda-linux-amd64/tornadovm-6.1.1-jdk22plus-dev-cuda/share/java/tornado/tornado-runtime-6.1.1-jdk22plus-dev.jar)
WARNING: Please consider reporting this to the maintainers of class uk.ac.manchester.tornado.runtime.TornadoVMConfigAccess
WARNING: sun.misc.Unsafe::objectFieldOffset will be removed in a future release
Warp-shuffle + cp.async + shared-memory row reduction: 2048 rows x 512 int8 values
  block = 128 threads (4 warps), one block per row
  5 executions per kernel, steady-state median reported (first execution excluded)

=== NAIVE (one thread per row, global memory only) ===
  first execution (JIT compile): 91124 us
  steady-state median wall-clock (n=4): 221 us

=== OPTIMISED (cp.async + shared + shuffle) ===
  first execution (JIT compile): 30724 us
  steady-state median wall-clock (n=4): 141 us

  [naive    ] validation PASSED (max abs err 0.00000, 0/2048 rows out of tol)
  [optimised] validation PASSED (max abs err 0.00000, 0/2048 rows out of tol)

=== Summary (steady-state median us, this run/this GPU) ===
naive     : 221
optimised : 141 (1.57x vs naive)
Both kernels produce the same, correct result
