== FP16 matmul ladder (demo 18), n=1024, 10 executions
   GPU: NVIDIA GeForce RTX 4090, 8.9

-- building
-- Nsight Systems: per-kernel GPU time

   kernel                                 GPU avg     GFLOP/s  vs slowest
   ----------------------------------------------------------------------
   naive                                  495.5us        4334        1.0x
   kcTiled                                337.4us        6364        1.5x
   kcMma                                  192.1us       11179        2.6x
   CUTLASS                                 30.3us       70789       16.3x
   ampere_s1688gemm_fp16_128x64_sl...      21.6us       99552       23.0x
   ampere_fp16_s1688gemm_fp16_128x...      21.6us       99597       23.0x

   nsys steady-state kernel time. Wall clock is higher: it includes host dispatch.

-- Nsight Compute: why (counters, NOT comparable with the times above)
   kernel                          instrs        regs       spill   bank-conf  gmem-stall      issue%
   --------------------------------------------------------------------------------------------------
   naive                          4450304          40           0          67       38.61        9.39
   kcTiled                        2701312          40           0       65184       10.59       19.20
   kcMma                           810752          48           0      299697       17.52        4.62
   void cutlass::Kernel2<c...       42720         230           0       12504        0.47       11.51
   void cutlass::Kernel2<c...      173056          80           0       17405        2.06       11.67
   void cutlass::Kernel2<c...      172032          80           0       16602        2.09       11.66

   spill=0 means private arrays stayed in registers. gmem-stall is the
   global-memory dependency stall per issue-active; issue% is the issue
   rate. A high gmem-stall with a low issue% is latency that is not hidden.
