WARNING: module-info.class ignored in patch: /home/michalis/.sdkman/candidates/tornadovm/7.0.0-jdk22plus-cuda/share/java/jvmci/jvmci-21.0.2.jar
units=8 unitSize=32768 innerIterations=65536 executions=8 mode=both

=== SEQUENTIAL (single stream) ===
WARNING: A terminally deprecated method in sun.misc.Unsafe has been called
WARNING: sun.misc.Unsafe::objectFieldOffset has been called by uk.ac.manchester.tornado.runtime.TornadoVMConfigAccess (file:/home/michalis/.sdkman/candidates/tornadovm/7.0.0-jdk22plus-cuda/share/java/tornado/tornado-runtime-7.0.0.jar)
WARNING: Please consider reporting this to the maintainers of class uk.ac.manchester.tornado.runtime.TornadoVMConfigAccess
WARNING: sun.misc.Unsafe::objectFieldOffset will be removed in a future release
execution 0: correct, wall=136472 us
execution 1: correct, wall=1467 us
execution 2: correct, wall=1390 us
execution 3: correct, wall=1305 us
execution 4: correct, wall=1314 us
execution 5: correct, wall=1269 us
execution 6: correct, wall=1249 us
execution 7: correct, wall=1246 us
SEQUENTIAL (single stream) median wall-clock (all 8 executions incl. first/JIT): 1314 us
SEQUENTIAL (single stream) median wall-clock (excl. first execution): 1314 us
SEQUENTIAL (single stream): All executions correct

=== CONCURRENT (withIntraPlanConcurrency) ===
execution 0: correct, wall=55867 us
execution 1: correct, wall=994 us
execution 2: correct, wall=1069 us
execution 3: correct, wall=985 us
execution 4: correct, wall=847 us
execution 5: correct, wall=854 us
execution 6: correct, wall=674 us
execution 7: correct, wall=1029 us
CONCURRENT (withIntraPlanConcurrency) median wall-clock (all 8 executions incl. first/JIT): 994 us
CONCURRENT (withIntraPlanConcurrency) median wall-clock (excl. first execution): 994 us
CONCURRENT (withIntraPlanConcurrency): All executions correct
