WARNING: module-info.class ignored in patch: /home/michalis/.sdkman/candidates/tornadovm/7.0.0-jdk22plus-cuda/share/java/jvmci/jvmci-21.0.2.jar
units=8 unitSize=32768 innerIterations=65536 executions=8 mode=both

=== SEQUENTIAL (single stream) ===
WARNING: A terminally deprecated method in sun.misc.Unsafe has been called
WARNING: sun.misc.Unsafe::objectFieldOffset has been called by uk.ac.manchester.tornado.runtime.TornadoVMConfigAccess (file:/home/michalis/.sdkman/candidates/tornadovm/7.0.0-jdk22plus-cuda/share/java/tornado/tornado-runtime-7.0.0.jar)
WARNING: Please consider reporting this to the maintainers of class uk.ac.manchester.tornado.runtime.TornadoVMConfigAccess
WARNING: sun.misc.Unsafe::objectFieldOffset will be removed in a future release
execution 0: correct, wall=135398 us
execution 1: correct, wall=1527 us
execution 2: correct, wall=1306 us
execution 3: correct, wall=1297 us
execution 4: correct, wall=1271 us
execution 5: correct, wall=1266 us
execution 6: correct, wall=1267 us
execution 7: correct, wall=1300 us
SEQUENTIAL (single stream) median wall-clock (all 8 executions incl. first/JIT): 1300 us
SEQUENTIAL (single stream) median wall-clock (excl. first execution): 1300 us
SEQUENTIAL (single stream): All executions correct

=== CONCURRENT (withIntraPlanConcurrency) ===
execution 0: correct, wall=56060 us
execution 1: correct, wall=959 us
execution 2: correct, wall=900 us
execution 3: correct, wall=992 us
execution 4: correct, wall=791 us
execution 5: correct, wall=884 us
execution 6: correct, wall=661 us
execution 7: correct, wall=1098 us
CONCURRENT (withIntraPlanConcurrency) median wall-clock (all 8 executions incl. first/JIT): 959 us
CONCURRENT (withIntraPlanConcurrency) median wall-clock (excl. first execution): 959 us
CONCURRENT (withIntraPlanConcurrency): All executions correct
