WARNING: module-info.class ignored in patch: /home/michalis/.sdkman/candidates/tornadovm/7.0.0-jdk22plus-cuda/share/java/jvmci/jvmci-21.0.2.jar
Integrated CUDA showcase: units=6 m=8 n=8 executions=20 mode=all
Pipeline per unit: JIT scale -> cuBLAS sgemv -> JIT bias (demo 04's shape x 6 independent chains, one TaskGraph)

=== BASELINE (single stream, no graph) ===
WARNING: A terminally deprecated method in sun.misc.Unsafe has been called
WARNING: sun.misc.Unsafe::objectFieldOffset has been called by uk.ac.manchester.tornado.runtime.TornadoVMConfigAccess (file:/home/michalis/.sdkman/candidates/tornadovm/7.0.0-jdk22plus-cuda/share/java/tornado/tornado-runtime-7.0.0.jar)
WARNING: Please consider reporting this to the maintainers of class uk.ac.manchester.tornado.runtime.TornadoVMConfigAccess
WARNING: sun.misc.Unsafe::objectFieldOffset will be removed in a future release
execution 0: correct, wall=220212 us
execution 1: correct, wall=1284 us
execution 2: correct, wall=1309 us
execution 3: correct, wall=1346 us
execution 4: correct, wall=1044 us
execution 5: correct, wall=1044 us
execution 6: correct, wall=839 us
execution 7: correct, wall=946 us
execution 8: correct, wall=829 us
execution 9: correct, wall=765 us
execution 10: correct, wall=1310 us
execution 11: correct, wall=728 us
execution 12: correct, wall=723 us
execution 13: correct, wall=796 us
execution 14: correct, wall=779 us
execution 15: correct, wall=847 us
execution 16: correct, wall=668 us
execution 17: correct, wall=640 us
execution 18: correct, wall=684 us
execution 19: correct, wall=608 us
BASELINE (single stream, no graph) first execution (JIT/capture): 220212 us
BASELINE (single stream, no graph) steady-state median wall-clock (n=19): 839 us
BASELINE (single stream, no graph): All executions correct

=== CONCURRENT (withIntraPlanConcurrency) ===
execution 0: correct, wall=57584 us
execution 1: correct, wall=2365 us
execution 2: correct, wall=1308 us
execution 3: correct, wall=840 us
execution 4: correct, wall=823 us
execution 5: correct, wall=832 us
execution 6: correct, wall=805 us
execution 7: correct, wall=833 us
execution 8: correct, wall=836 us
execution 9: correct, wall=806 us
execution 10: correct, wall=735 us
execution 11: correct, wall=867 us
execution 12: correct, wall=1382 us
execution 13: correct, wall=779 us
execution 14: correct, wall=630 us
execution 15: correct, wall=626 us
execution 16: correct, wall=577 us
execution 17: correct, wall=623 us
execution 18: correct, wall=617 us
execution 19: correct, wall=705 us
CONCURRENT (withIntraPlanConcurrency) first execution (JIT/capture): 57584 us
CONCURRENT (withIntraPlanConcurrency) steady-state median wall-clock (n=19): 823 us
CONCURRENT (withIntraPlanConcurrency): All executions correct

=== GRAPH (withCUDAGraph) ===
execution 0: correct, wall=31857 us
execution 1: correct, wall=136 us
execution 2: correct, wall=100 us
execution 3: correct, wall=89 us
execution 4: correct, wall=88 us
execution 5: correct, wall=89 us
execution 6: correct, wall=80 us
execution 7: correct, wall=83 us
execution 8: correct, wall=93 us
execution 9: correct, wall=74 us
execution 10: correct, wall=81 us
execution 11: correct, wall=75 us
execution 12: correct, wall=73 us
execution 13: correct, wall=74 us
execution 14: correct, wall=73 us
execution 15: correct, wall=80 us
execution 16: correct, wall=78 us
execution 17: correct, wall=73 us
execution 18: correct, wall=78 us
execution 19: correct, wall=80 us
GRAPH (withCUDAGraph) first execution (JIT/capture): 31857 us
GRAPH (withCUDAGraph) steady-state median wall-clock (n=19): 80 us
GRAPH (withCUDAGraph): All executions correct

=== COMBINED-EXPERIMENTAL (withCUDAGraph + withIntraPlanConcurrency) ===
execution 0: correct, wall=32374 us
execution 1: correct, wall=114 us
execution 2: correct, wall=78 us
execution 3: correct, wall=79 us
execution 4: correct, wall=77 us
execution 5: correct, wall=79 us
execution 6: correct, wall=81 us
execution 7: correct, wall=81 us
execution 8: correct, wall=85 us
execution 9: correct, wall=81 us
execution 10: correct, wall=75 us
execution 11: correct, wall=81 us
execution 12: correct, wall=75 us
execution 13: correct, wall=77 us
execution 14: correct, wall=82 us
execution 15: correct, wall=81 us
execution 16: correct, wall=76 us
execution 17: correct, wall=76 us
execution 18: correct, wall=80 us
execution 19: correct, wall=77 us
COMBINED-EXPERIMENTAL (withCUDAGraph + withIntraPlanConcurrency) first execution (JIT/capture): 32374 us
COMBINED-EXPERIMENTAL (withCUDAGraph + withIntraPlanConcurrency) steady-state median wall-clock (n=19): 80 us
COMBINED-EXPERIMENTAL (withCUDAGraph + withIntraPlanConcurrency): All executions correct

=== Summary (steady-state median us, this run/this GPU) ===
baseline   : 839.0
concurrent : 823.0 (1.02x vs baseline)
graph      : 80.0 (10.49x vs baseline)
combined   : 80.0 (10.49x vs baseline)

=== BONUS: Tensor Core mma.sync single-tile GEMM (demo 08 kernel, reused) ===
Tensor Core tile validation: PASSED (max abs err 0.00000, 0/128 cells out of tol)
