WARNING: module-info.class ignored in patch: /home/michalis/.sdkman/candidates/tornadovm/7.0.0-jdk22plus-cuda/share/java/jvmci/jvmci-21.0.2.jar
Integrated CUDA showcase: units=6 m=8 n=8 executions=20 mode=all
Pipeline per unit: JIT scale -> cuBLAS sgemv -> JIT bias (demo 04's shape x 6 independent chains, one TaskGraph)

=== BASELINE (single stream, no graph) ===
WARNING: A terminally deprecated method in sun.misc.Unsafe has been called
WARNING: sun.misc.Unsafe::objectFieldOffset has been called by uk.ac.manchester.tornado.runtime.TornadoVMConfigAccess (file:/home/michalis/.sdkman/candidates/tornadovm/7.0.0-jdk22plus-cuda/share/java/tornado/tornado-runtime-7.0.0.jar)
WARNING: Please consider reporting this to the maintainers of class uk.ac.manchester.tornado.runtime.TornadoVMConfigAccess
WARNING: sun.misc.Unsafe::objectFieldOffset will be removed in a future release
execution 0: correct, wall=209528 us
execution 1: correct, wall=1274 us
execution 2: correct, wall=1105 us
execution 3: correct, wall=1099 us
execution 4: correct, wall=976 us
execution 5: correct, wall=941 us
execution 6: correct, wall=858 us
execution 7: correct, wall=1121 us
execution 8: correct, wall=814 us
execution 9: correct, wall=775 us
execution 10: correct, wall=1258 us
execution 11: correct, wall=700 us
execution 12: correct, wall=689 us
execution 13: correct, wall=752 us
execution 14: correct, wall=792 us
execution 15: correct, wall=806 us
execution 16: correct, wall=658 us
execution 17: correct, wall=636 us
execution 18: correct, wall=672 us
execution 19: correct, wall=615 us
BASELINE (single stream, no graph) first execution (JIT/capture): 209528 us
BASELINE (single stream, no graph) steady-state median wall-clock (n=19): 814 us
BASELINE (single stream, no graph): All executions correct

=== CONCURRENT (withIntraPlanConcurrency) ===
execution 0: correct, wall=55640 us
execution 1: correct, wall=1639 us
execution 2: correct, wall=1408 us
execution 3: correct, wall=911 us
execution 4: correct, wall=865 us
execution 5: correct, wall=914 us
execution 6: correct, wall=855 us
execution 7: correct, wall=811 us
execution 8: correct, wall=863 us
execution 9: correct, wall=832 us
execution 10: correct, wall=791 us
execution 11: correct, wall=1050 us
execution 12: correct, wall=808 us
execution 13: correct, wall=780 us
execution 14: correct, wall=655 us
execution 15: correct, wall=643 us
execution 16: correct, wall=606 us
execution 17: correct, wall=583 us
execution 18: correct, wall=601 us
execution 19: correct, wall=940 us
CONCURRENT (withIntraPlanConcurrency) first execution (JIT/capture): 55640 us
CONCURRENT (withIntraPlanConcurrency) steady-state median wall-clock (n=19): 855 us
CONCURRENT (withIntraPlanConcurrency): All executions correct

=== GRAPH (withCUDAGraph) ===
execution 0: correct, wall=31739 us
execution 1: correct, wall=159 us
execution 2: correct, wall=92 us
execution 3: correct, wall=83 us
execution 4: correct, wall=83 us
execution 5: correct, wall=84 us
execution 6: correct, wall=81 us
execution 7: correct, wall=82 us
execution 8: correct, wall=94 us
execution 9: correct, wall=74 us
execution 10: correct, wall=74 us
execution 11: correct, wall=73 us
execution 12: correct, wall=73 us
execution 13: correct, wall=74 us
execution 14: correct, wall=79 us
execution 15: correct, wall=73 us
execution 16: correct, wall=81 us
execution 17: correct, wall=73 us
execution 18: correct, wall=74 us
execution 19: correct, wall=73 us
GRAPH (withCUDAGraph) first execution (JIT/capture): 31739 us
GRAPH (withCUDAGraph) steady-state median wall-clock (n=19): 81 us
GRAPH (withCUDAGraph): All executions correct

=== COMBINED-EXPERIMENTAL (withCUDAGraph + withIntraPlanConcurrency) ===
execution 0: correct, wall=32574 us
execution 1: correct, wall=113 us
execution 2: correct, wall=78 us
execution 3: correct, wall=85 us
execution 4: correct, wall=75 us
execution 5: correct, wall=81 us
execution 6: correct, wall=80 us
execution 7: correct, wall=93 us
execution 8: correct, wall=78 us
execution 9: correct, wall=151 us
execution 10: correct, wall=77 us
execution 11: correct, wall=82 us
execution 12: correct, wall=74 us
execution 13: correct, wall=76 us
execution 14: correct, wall=78 us
execution 15: correct, wall=75 us
execution 16: correct, wall=93 us
execution 17: correct, wall=75 us
execution 18: correct, wall=84 us
execution 19: correct, wall=76 us
COMBINED-EXPERIMENTAL (withCUDAGraph + withIntraPlanConcurrency) first execution (JIT/capture): 32574 us
COMBINED-EXPERIMENTAL (withCUDAGraph + withIntraPlanConcurrency) steady-state median wall-clock (n=19): 80 us
COMBINED-EXPERIMENTAL (withCUDAGraph + withIntraPlanConcurrency): All executions correct

=== Summary (steady-state median us, this run/this GPU) ===
baseline   : 814.0
concurrent : 855.0 (0.95x vs baseline)
graph      : 81.0 (10.05x vs baseline)
combined   : 80.0 (10.18x vs baseline)

=== BONUS: Tensor Core mma.sync single-tile GEMM (demo 08 kernel, reused) ===
Tensor Core tile validation: PASSED (max abs err 0.00000, 0/128 cells out of tol)
