WARNING: module-info.class ignored in patch: /home/michalis/.sdkman/candidates/tornadovm/7.0.0-jdk22plus-cuda/share/java/jvmci/jvmci-21.0.2.jar
Integrated CUDA showcase: units=6 m=8 n=8 executions=20 mode=all
Pipeline per unit: JIT scale -> cuBLAS sgemv -> JIT bias (demo 04's shape x 6 independent chains, one TaskGraph)

=== BASELINE (single stream, no graph) ===
WARNING: A terminally deprecated method in sun.misc.Unsafe has been called
WARNING: sun.misc.Unsafe::objectFieldOffset has been called by uk.ac.manchester.tornado.runtime.TornadoVMConfigAccess (file:/home/michalis/.sdkman/candidates/tornadovm/7.0.0-jdk22plus-cuda/share/java/tornado/tornado-runtime-7.0.0.jar)
WARNING: Please consider reporting this to the maintainers of class uk.ac.manchester.tornado.runtime.TornadoVMConfigAccess
WARNING: sun.misc.Unsafe::objectFieldOffset will be removed in a future release
execution 0: correct, wall=208530 us
execution 1: correct, wall=1278 us
execution 2: correct, wall=1093 us
execution 3: correct, wall=1065 us
execution 4: correct, wall=947 us
execution 5: correct, wall=1069 us
execution 6: correct, wall=868 us
execution 7: correct, wall=927 us
execution 8: correct, wall=811 us
execution 9: correct, wall=770 us
execution 10: correct, wall=1283 us
execution 11: correct, wall=699 us
execution 12: correct, wall=700 us
execution 13: correct, wall=730 us
execution 14: correct, wall=821 us
execution 15: correct, wall=823 us
execution 16: correct, wall=634 us
execution 17: correct, wall=638 us
execution 18: correct, wall=653 us
execution 19: correct, wall=678 us
BASELINE (single stream, no graph) first execution (JIT/capture): 208530 us
BASELINE (single stream, no graph) steady-state median wall-clock (n=19): 823 us
BASELINE (single stream, no graph): All executions correct

=== CONCURRENT (withIntraPlanConcurrency) ===
execution 0: correct, wall=55907 us
execution 1: correct, wall=1628 us
execution 2: correct, wall=1259 us
execution 3: correct, wall=922 us
execution 4: correct, wall=824 us
execution 5: correct, wall=865 us
execution 6: correct, wall=812 us
execution 7: correct, wall=814 us
execution 8: correct, wall=899 us
execution 9: correct, wall=788 us
execution 10: correct, wall=771 us
execution 11: correct, wall=844 us
execution 12: correct, wall=794 us
execution 13: correct, wall=782 us
execution 14: correct, wall=691 us
execution 15: correct, wall=626 us
execution 16: correct, wall=593 us
execution 17: correct, wall=602 us
execution 18: correct, wall=610 us
execution 19: correct, wall=726 us
CONCURRENT (withIntraPlanConcurrency) first execution (JIT/capture): 55907 us
CONCURRENT (withIntraPlanConcurrency) steady-state median wall-clock (n=19): 812 us
CONCURRENT (withIntraPlanConcurrency): All executions correct

=== GRAPH (withCUDAGraph) ===
execution 0: correct, wall=31347 us
execution 1: correct, wall=141 us
execution 2: correct, wall=89 us
execution 3: correct, wall=103 us
execution 4: correct, wall=83 us
execution 5: correct, wall=84 us
execution 6: correct, wall=81 us
execution 7: correct, wall=82 us
execution 8: correct, wall=80 us
execution 9: correct, wall=81 us
execution 10: correct, wall=91 us
execution 11: correct, wall=94 us
execution 12: correct, wall=72 us
execution 13: correct, wall=75 us
execution 14: correct, wall=74 us
execution 15: correct, wall=73 us
execution 16: correct, wall=74 us
execution 17: correct, wall=80 us
execution 18: correct, wall=77 us
execution 19: correct, wall=74 us
GRAPH (withCUDAGraph) first execution (JIT/capture): 31347 us
GRAPH (withCUDAGraph) steady-state median wall-clock (n=19): 81 us
GRAPH (withCUDAGraph): All executions correct

=== COMBINED-EXPERIMENTAL (withCUDAGraph + withIntraPlanConcurrency) ===
execution 0: correct, wall=32572 us
execution 1: correct, wall=116 us
execution 2: correct, wall=80 us
execution 3: correct, wall=78 us
execution 4: correct, wall=76 us
execution 5: correct, wall=79 us
execution 6: correct, wall=79 us
execution 7: correct, wall=81 us
execution 8: correct, wall=84 us
execution 9: correct, wall=78 us
execution 10: correct, wall=75 us
execution 11: correct, wall=80 us
execution 12: correct, wall=75 us
execution 13: correct, wall=75 us
execution 14: correct, wall=78 us
execution 15: correct, wall=82 us
execution 16: correct, wall=80 us
execution 17: correct, wall=75 us
execution 18: correct, wall=81 us
execution 19: correct, wall=76 us
COMBINED-EXPERIMENTAL (withCUDAGraph + withIntraPlanConcurrency) first execution (JIT/capture): 32572 us
COMBINED-EXPERIMENTAL (withCUDAGraph + withIntraPlanConcurrency) steady-state median wall-clock (n=19): 79 us
COMBINED-EXPERIMENTAL (withCUDAGraph + withIntraPlanConcurrency): All executions correct

=== Summary (steady-state median us, this run/this GPU) ===
baseline   : 823.0
concurrent : 812.0 (1.01x vs baseline)
graph      : 81.0 (10.16x vs baseline)
combined   : 79.0 (10.42x vs baseline)

=== BONUS: Tensor Core mma.sync single-tile GEMM (demo 08 kernel, reused) ===
Tensor Core tile validation: PASSED (max abs err 0.00000, 0/128 cells out of tol)
