WARNING: module-info.class ignored in patch: /home/michalis/.sdkman/candidates/tornadovm/7.0.0-jdk22plus-cuda/share/java/jvmci/jvmci-21.0.2.jar
Integrated CUDA showcase: units=6 m=8 n=8 executions=20 mode=all
Pipeline per unit: JIT scale -> cuBLAS sgemv -> JIT bias (demo 04's shape x 6 independent chains, one TaskGraph)

=== BASELINE (single stream, no graph) ===
WARNING: A terminally deprecated method in sun.misc.Unsafe has been called
WARNING: sun.misc.Unsafe::objectFieldOffset has been called by uk.ac.manchester.tornado.runtime.TornadoVMConfigAccess (file:/home/michalis/.sdkman/candidates/tornadovm/7.0.0-jdk22plus-cuda/share/java/tornado/tornado-runtime-7.0.0.jar)
WARNING: Please consider reporting this to the maintainers of class uk.ac.manchester.tornado.runtime.TornadoVMConfigAccess
WARNING: sun.misc.Unsafe::objectFieldOffset will be removed in a future release
execution 0: correct, wall=209768 us
execution 1: correct, wall=1295 us
execution 2: correct, wall=1111 us
execution 3: correct, wall=1096 us
execution 4: correct, wall=998 us
execution 5: correct, wall=966 us
execution 6: correct, wall=847 us
execution 7: correct, wall=1006 us
execution 8: correct, wall=805 us
execution 9: correct, wall=770 us
execution 10: correct, wall=1311 us
execution 11: correct, wall=700 us
execution 12: correct, wall=697 us
execution 13: correct, wall=760 us
execution 14: correct, wall=782 us
execution 15: correct, wall=770 us
execution 16: correct, wall=614 us
execution 17: correct, wall=651 us
execution 18: correct, wall=671 us
execution 19: correct, wall=589 us
BASELINE (single stream, no graph) first execution (JIT/capture): 209768 us
BASELINE (single stream, no graph) steady-state median wall-clock (n=19): 805 us
BASELINE (single stream, no graph): All executions correct

=== CONCURRENT (withIntraPlanConcurrency) ===
execution 0: correct, wall=56681 us
execution 1: correct, wall=1837 us
execution 2: correct, wall=1316 us
execution 3: correct, wall=1002 us
execution 4: correct, wall=824 us
execution 5: correct, wall=831 us
execution 6: correct, wall=826 us
execution 7: correct, wall=771 us
execution 8: correct, wall=840 us
execution 9: correct, wall=778 us
execution 10: correct, wall=771 us
execution 11: correct, wall=763 us
execution 12: correct, wall=807 us
execution 13: correct, wall=915 us
execution 14: correct, wall=630 us
execution 15: correct, wall=636 us
execution 16: correct, wall=582 us
execution 17: correct, wall=615 us
execution 18: correct, wall=597 us
execution 19: correct, wall=727 us
CONCURRENT (withIntraPlanConcurrency) first execution (JIT/capture): 56681 us
CONCURRENT (withIntraPlanConcurrency) steady-state median wall-clock (n=19): 807 us
CONCURRENT (withIntraPlanConcurrency): All executions correct

=== GRAPH (withCUDAGraph) ===
execution 0: correct, wall=31934 us
execution 1: correct, wall=206 us
execution 2: correct, wall=137 us
execution 3: correct, wall=83 us
execution 4: correct, wall=82 us
execution 5: correct, wall=90 us
execution 6: correct, wall=79 us
execution 7: correct, wall=83 us
execution 8: correct, wall=93 us
execution 9: correct, wall=76 us
execution 10: correct, wall=75 us
execution 11: correct, wall=81 us
execution 12: correct, wall=73 us
execution 13: correct, wall=75 us
execution 14: correct, wall=74 us
execution 15: correct, wall=73 us
execution 16: correct, wall=74 us
execution 17: correct, wall=80 us
execution 18: correct, wall=78 us
execution 19: correct, wall=73 us
GRAPH (withCUDAGraph) first execution (JIT/capture): 31934 us
GRAPH (withCUDAGraph) steady-state median wall-clock (n=19): 80 us
GRAPH (withCUDAGraph): All executions correct

=== COMBINED-EXPERIMENTAL (withCUDAGraph + withIntraPlanConcurrency) ===
execution 0: correct, wall=32704 us
execution 1: correct, wall=116 us
execution 2: correct, wall=77 us
execution 3: correct, wall=85 us
execution 4: correct, wall=86 us
execution 5: correct, wall=107 us
execution 6: correct, wall=80 us
execution 7: correct, wall=83 us
execution 8: correct, wall=77 us
execution 9: correct, wall=97 us
execution 10: correct, wall=77 us
execution 11: correct, wall=81 us
execution 12: correct, wall=76 us
execution 13: correct, wall=76 us
execution 14: correct, wall=81 us
execution 15: correct, wall=72 us
execution 16: correct, wall=88 us
execution 17: correct, wall=75 us
execution 18: correct, wall=80 us
execution 19: correct, wall=76 us
COMBINED-EXPERIMENTAL (withCUDAGraph + withIntraPlanConcurrency) first execution (JIT/capture): 32704 us
COMBINED-EXPERIMENTAL (withCUDAGraph + withIntraPlanConcurrency) steady-state median wall-clock (n=19): 81 us
COMBINED-EXPERIMENTAL (withCUDAGraph + withIntraPlanConcurrency): All executions correct

=== Summary (steady-state median us, this run/this GPU) ===
baseline   : 805.0
concurrent : 807.0 (1.00x vs baseline)
graph      : 80.0 (10.06x vs baseline)
combined   : 81.0 (9.94x vs baseline)

=== BONUS: Tensor Core mma.sync single-tile GEMM (demo 08 kernel, reused) ===
Tensor Core tile validation: PASSED (max abs err 0.00000, 0/128 cells out of tol)
