WARNING: module-info.class ignored in patch: /home/michalis/.sdkman/candidates/tornadovm/6.0.0-jdk22plus-cuda/share/java/jvmci/jvmci-21.0.2.jar
units=8 unitSize=32768 innerIterations=65536 executions=8 mode=both

=== SEQUENTIAL (single stream) ===
WARNING: A terminally deprecated method in sun.misc.Unsafe has been called
WARNING: sun.misc.Unsafe::objectFieldOffset has been called by uk.ac.manchester.tornado.runtime.TornadoVMConfigAccess (file:/home/michalis/.sdkman/candidates/tornadovm/6.0.0-jdk22plus-cuda/share/java/tornado/tornado-runtime-6.0.0.jar)
WARNING: Please consider reporting this to the maintainers of class uk.ac.manchester.tornado.runtime.TornadoVMConfigAccess
WARNING: sun.misc.Unsafe::objectFieldOffset will be removed in a future release
execution 0: correct, wall=150474 us
execution 1: correct, wall=2073 us
execution 2: correct, wall=2074 us
execution 3: correct, wall=2016 us
execution 4: correct, wall=1955 us
execution 5: correct, wall=1889 us
execution 6: correct, wall=1822 us
execution 7: correct, wall=1824 us
SEQUENTIAL (single stream) median wall-clock (all 8 executions incl. first/JIT): 2016 us
SEQUENTIAL (single stream) median wall-clock (excl. first execution): 2016 us
SEQUENTIAL (single stream): All executions correct

=== CONCURRENT (withIntraPlanConcurrency) ===
execution 0: correct, wall=64717 us
execution 1: correct, wall=1076 us
execution 2: correct, wall=1053 us
execution 3: correct, wall=1136 us
execution 4: correct, wall=997 us
execution 5: correct, wall=945 us
execution 6: correct, wall=952 us
execution 7: correct, wall=1117 us
CONCURRENT (withIntraPlanConcurrency) median wall-clock (all 8 executions incl. first/JIT): 1076 us
CONCURRENT (withIntraPlanConcurrency) median wall-clock (excl. first execution): 1076 us
CONCURRENT (withIntraPlanConcurrency): All executions correct
