WARNING: module-info.class ignored in patch: /home/michalis/.sdkman/candidates/tornadovm/6.0.0-jdk22plus-cuda/share/java/jvmci/jvmci-21.0.2.jar
units=8 unitSize=32768 innerIterations=65536 executions=8 mode=both

=== SEQUENTIAL (single stream) ===
WARNING: A terminally deprecated method in sun.misc.Unsafe has been called
WARNING: sun.misc.Unsafe::objectFieldOffset has been called by uk.ac.manchester.tornado.runtime.TornadoVMConfigAccess (file:/home/michalis/.sdkman/candidates/tornadovm/6.0.0-jdk22plus-cuda/share/java/tornado/tornado-runtime-6.0.0.jar)
WARNING: Please consider reporting this to the maintainers of class uk.ac.manchester.tornado.runtime.TornadoVMConfigAccess
WARNING: sun.misc.Unsafe::objectFieldOffset will be removed in a future release
execution 0: correct, wall=161616 us
execution 1: correct, wall=2227 us
execution 2: correct, wall=1998 us
execution 3: correct, wall=1973 us
execution 4: correct, wall=1942 us
execution 5: correct, wall=1874 us
execution 6: correct, wall=1867 us
execution 7: correct, wall=1862 us
SEQUENTIAL (single stream) median wall-clock (all 8 executions incl. first/JIT): 1973 us
SEQUENTIAL (single stream) median wall-clock (excl. first execution): 1973 us
SEQUENTIAL (single stream): All executions correct

=== CONCURRENT (withIntraPlanConcurrency) ===
execution 0: correct, wall=61988 us
execution 1: correct, wall=1113 us
execution 2: correct, wall=1217 us
execution 3: correct, wall=1341 us
execution 4: correct, wall=1046 us
execution 5: correct, wall=1127 us
execution 6: correct, wall=1020 us
execution 7: correct, wall=1238 us
CONCURRENT (withIntraPlanConcurrency) median wall-clock (all 8 executions incl. first/JIT): 1217 us
CONCURRENT (withIntraPlanConcurrency) median wall-clock (excl. first execution): 1217 us
CONCURRENT (withIntraPlanConcurrency): All executions correct
