
[1;35m==> JVector index of 100,000 x 768 embeddings, built on the GPU and on the CPU[0m
[0;36m    GPU: cuVS NN-Descent candidates (TornadoVM cuVS provider) + JVector's diversity rule in a tensor-core Java kernel[0m
[0;36m    CPU: JVector's own builder on all cores. Then the same search on both graphs, against exact neighbors.[0m
[1;32m$[0m bash /home/michalis/tornadovm-devoxx2026-cuda-demos/demos/26-jvector-gpu-index/run.sh tornado 100000 768 2>&1 | grep -vE 'WARNING|^Oct |^INFO|SLF4J|^Note:'

  JVector index of 100,000 x 768 vectors, synthetic clustered embeddings (generated in 0.3 s)
  graph: M=32, beam 100, alpha 1.2, hierarchy; PanamaVectorizationProvider

  [GPU] building with TornadoVM + cuVS ...
GPU build of 100000 x 768 (COSINE): rows 0.16 s, candidates 0.54 s (1 batches), prune 0.97 s, install 0.08 s, upper layers 0.43 s, total 2.17 s
  [GPU] built in   2.23 s
  [CPU] building with JVector on 32 threads ...
  [CPU] built in   8.05 s

  +-------------------+------------+------------+
  |                   |  JVector   |   GPU      |
  |                   |  (CPU)     | (TornadoVM)|
  +-------------------+------------+------------+
  | graph build       |     8.05 s |     2.23 s |
  | recall@10         |     0.9950 |     1.0000 |
  +-------------------+------------+------------+
  speed-up: 3.6x

JVectorGpuIndex: PASSED -- the GPU graph's recall@10 matches or beats JVector's
