WARNING: module-info.class ignored in patch: /home/michalis/tornadovm-devoxx2026-cuda-demos/vendor/tornadovm/dist/tornadovm-6.1.1-jdk22plus-dev-cuda-linux-amd64/tornadovm-6.1.1-jdk22plus-dev-cuda/share/java/jvmci/jvmci-21.0.2.jar
size=4096 stages=6 executions=50 mode=both

=== NOGRAPH (plain execute) ===
WARNING: A terminally deprecated method in sun.misc.Unsafe has been called
WARNING: sun.misc.Unsafe::objectFieldOffset has been called by uk.ac.manchester.tornado.runtime.TornadoVMConfigAccess (file:/home/michalis/tornadovm-devoxx2026-cuda-demos/vendor/tornadovm/dist/tornadovm-6.1.1-jdk22plus-dev-cuda-linux-amd64/tornadovm-6.1.1-jdk22plus-dev-cuda/share/java/tornado/tornado-runtime-6.1.1-jdk22plus-dev.jar)
WARNING: Please consider reporting this to the maintainers of class uk.ac.manchester.tornado.runtime.TornadoVMConfigAccess
WARNING: sun.misc.Unsafe::objectFieldOffset will be removed in a future release
execution 0: correct, wall=116833 us
execution 1: correct, wall=639 us
execution 2: correct, wall=558 us
execution 49: correct, wall=184 us
NOGRAPH (plain execute) first execution (JIT compile): 116833 us
NOGRAPH (plain execute) steady-state median wall-clock (excl. first execution, n=49): 311 us
NOGRAPH (plain execute): All executions correct

=== GRAPH (withCUDAGraph) ===
execution 0: correct, wall=31393 us
execution 1: correct, wall=80 us
execution 2: correct, wall=49 us
execution 49: correct, wall=45 us
GRAPH (withCUDAGraph) first execution (JIT compile + graph capture): 31393 us
GRAPH (withCUDAGraph) steady-state median wall-clock (excl. first execution, n=49): 36 us
GRAPH (withCUDAGraph): All executions correct

steady-state median: nograph=311.9 us, graph=37.0 us, speedup=8.43x
