
Fatbin elf code:
================
arch = sm_89
code version = [1,7]
host = linux
compile_size = 64bit

	code for sm_89

Fatbin elf code:
================
arch = sm_89
code version = [1,7]
host = linux
compile_size = 64bit

	code for sm_89
		Function : _Z7stencilPKfPfi
	.headerflags	@"EF_CUDA_TEXMODE_UNIFIED EF_CUDA_64BIT_ADDRESS EF_CUDA_SM89 EF_CUDA_VIRTUAL_SM(EF_CUDA_SM89)"
        /*0000*/                   MOV R1, c[0x0][0x28] ;                         /* 0x00000a0000017a02 */
                                                                                  /* 0x000fe40000000f00 */
        /*0010*/                   S2R R6, SR_CTAID.X ;                           /* 0x0000000000067919 */
                                                                                  /* 0x000e280000002500 */
        /*0020*/                   S2R R3, SR_TID.X ;                             /* 0x0000000000037919 */
                                                                                  /* 0x000e240000002100 */
        /*0030*/                   IMAD R6, R6, c[0x0][0x0], R3 ;                 /* 0x0000000006067a24 */
                                                                                  /* 0x001fca00078e0203 */
        /*0040*/                   ISETP.GE.AND P0, PT, R6, c[0x0][0x170], PT ;   /* 0x00005c0006007a0c */
                                                                                  /* 0x000fda0003f06270 */
        /*0050*/               @P0 EXIT ;                                         /* 0x000000000000094d */
                                                                                  /* 0x000fea0003800000 */
        /*0060*/                   MOV R7, c[0x0][0x170] ;                        /* 0x00005c0000077a02 */
                                                                                  /* 0x000fe20000000f00 */
        /*0070*/                   ULDC.64 UR4, c[0x0][0x118] ;                   /* 0x0000460000047ab9 */
                                                                                  /* 0x000fe20000000a00 */
        /*0080*/                   IADD3 R2, R6.reuse, -0x1, RZ ;                 /* 0xffffffff06027810 */
                                                                                  /* 0x040fe40007ffe0ff */
        /*0090*/                   IADD3 R7, R7, -0x1, RZ ;                       /* 0xffffffff07077810 */
                                                                                  /* 0x000fe40007ffe0ff */
        /*00a0*/                   MOV R11, 0x4 ;                                 /* 0x00000004000b7802 */
                                                                                  /* 0x000fe40000000f00 */
        /*00b0*/                   ISETP.GE.AND P1, PT, R6.reuse, R7, PT ;        /* 0x000000070600720c */
                                                                                  /* 0x040fe40003f26270 */
        /*00c0*/                   ISETP.GT.AND P0, PT, R6, RZ, PT ;              /* 0x000000ff0600720c */
                                                                                  /* 0x000fe20003f04270 */
        /*00d0*/                   IMAD.WIDE R2, R2, R11, c[0x0][0x160] ;         /* 0x0000580002027625 */
                                                                                  /* 0x000fc800078e020b */
        /*00e0*/                   IMAD.WIDE R4, R6, R11, c[0x0][0x160] ;         /* 0x0000580006047625 */
                                                                                  /* 0x000fe200078e020b */
        /*00f0*/                   SEL R9, R3, c[0x0][0x164], P0 ;                /* 0x0000590003097a07 */
                                                                                  /* 0x000fe40000000000 */
        /*0100*/                   SEL R8, R2, c[0x0][0x160], P0 ;                /* 0x0000580002087a07 */
                                                                                  /* 0x000fc60000000000 */
        /*0110*/              @!P1 IADD3 R7, R6.reuse, 0x1, RZ ;                  /* 0x0000000106079810 */
                                                                                  /* 0x040fe20007ffe0ff */
        /*0120*/                   LDG.E R4, [R4.64] ;                            /* 0x0000000404047981 */
                                                                                  /* 0x000ea8000c1e1900 */
        /*0130*/                   IMAD.WIDE R2, R7, R11.reuse, c[0x0][0x160] ;   /* 0x0000580007027625 */
                                                                                  /* 0x080fe200078e020b */
        /*0140*/                   LDG.E R9, [R8.64] ;                            /* 0x0000000408097981 */
                                                                                  /* 0x000eaa000c1e1900 */
        /*0150*/                   LDG.E R3, [R2.64] ;                            /* 0x0000000402037981 */
                                                                                  /* 0x000ee2000c1e1900 */
        /*0160*/                   IMAD.WIDE R6, R6, R11, c[0x0][0x168] ;         /* 0x00005a0006067625 */
                                                                                  /* 0x000fe200078e020b */
        /*0170*/                   FADD R0, R4, R9 ;                              /* 0x0000000904007221 */
                                                                                  /* 0x004fc80000000000 */
        /*0180*/                   FADD R0, R0, R3 ;                              /* 0x0000000300007221 */
                                                                                  /* 0x008fc80000000000 */
        /*0190*/                   FMUL R11, R0, 0.3333333432674407959 ;          /* 0x3eaaaaab000b7820 */
                                                                                  /* 0x000fca0000400000 */
        /*01a0*/                   STG.E [R6.64], R11 ;                           /* 0x0000000b06007986 */
                                                                                  /* 0x000fe2000c101904 */
        /*01b0*/                   EXIT ;                                         /* 0x000000000000794d */
                                                                                  /* 0x000fea0003800000 */
        /*01c0*/                   BRA 0x1c0;                                     /* 0xfffffff000007947 */
                                                                                  /* 0x000fc0000383ffff */
        /*01d0*/                   NOP;                                           /* 0x0000000000007918 */
                                                                                  /* 0x000fc00000000000 */
        /*01e0*/                   NOP;                                           /* 0x0000000000007918 */
                                                                                  /* 0x000fc00000000000 */
        /*01f0*/                   NOP;                                           /* 0x0000000000007918 */
                                                                                  /* 0x000fc00000000000 */
        /*0200*/                   NOP;                                           /* 0x0000000000007918 */
                                                                                  /* 0x000fc00000000000 */
        /*0210*/                   NOP;                                           /* 0x0000000000007918 */
                                                                                  /* 0x000fc00000000000 */
        /*0220*/                   NOP;                                           /* 0x0000000000007918 */
                                                                                  /* 0x000fc00000000000 */
        /*0230*/                   NOP;                                           /* 0x0000000000007918 */
                                                                                  /* 0x000fc00000000000 */
        /*0240*/                   NOP;                                           /* 0x0000000000007918 */
                                                                                  /* 0x000fc00000000000 */
        /*0250*/                   NOP;                                           /* 0x0000000000007918 */
                                                                                  /* 0x000fc00000000000 */
        /*0260*/                   NOP;                                           /* 0x0000000000007918 */
                                                                                  /* 0x000fc00000000000 */
        /*0270*/                   NOP;                                           /* 0x0000000000007918 */
                                                                                  /* 0x000fc00000000000 */
		..........


		Function : _Z10polynomialPKfPfii
	.headerflags	@"EF_CUDA_TEXMODE_UNIFIED EF_CUDA_64BIT_ADDRESS EF_CUDA_SM89 EF_CUDA_VIRTUAL_SM(EF_CUDA_SM89)"
        /*0000*/                   MOV R1, c[0x0][0x28] ;                         /* 0x00000a0000017a02 */
                                                                                  /* 0x000fe40000000f00 */
        /*0010*/                   S2R R3, SR_CTAID.X ;                           /* 0x0000000000037919 */
                                                                                  /* 0x000e280000002500 */
        /*0020*/                   S2R R0, SR_TID.X ;                             /* 0x0000000000007919 */
                                                                                  /* 0x000e240000002100 */
        /*0030*/                   IMAD R3, R3, c[0x0][0x0], R0 ;                 /* 0x0000000003037a24 */
                                                                                  /* 0x001fca00078e0200 */
        /*0040*/                   ISETP.GE.AND P0, PT, R3, c[0x0][0x174], PT ;   /* 0x00005d0003007a0c */
                                                                                  /* 0x000fda0003f06270 */
        /*0050*/               @P0 EXIT ;                                         /* 0x000000000000094d */
                                                                                  /* 0x000fea0003800000 */
        /*0060*/                   MOV R6, c[0x0][0x170] ;                        /* 0x00005c0000067a02 */
                                                                                  /* 0x000fe20000000f00 */
        /*0070*/                   ULDC.64 UR4, c[0x0][0x118] ;                   /* 0x0000460000047ab9 */
                                                                                  /* 0x000fe20000000a00 */
        /*0080*/                   SHF.R.S32.HI R0, RZ, 0x1f, R3 ;                /* 0x0000001fff007819 */
                                                                                  /* 0x000fe40000011403 */
        /*0090*/                   ISETP.GE.AND P0, PT, R6, 0x1, PT ;             /* 0x000000010600780c */
                                                                                  /* 0x000fe40003f06270 */
        /*00a0*/                   MOV R7, 0x3f800000 ;                           /* 0x3f80000000077802 */
                                                                                  /* 0x000fd60000000f00 */
        /*00b0*/              @!P0 BRA 0x4a0 ;                                    /* 0x000003e000008947 */
                                                                                  /* 0x000fea0003800000 */
        /*00c0*/                   IADD3 R2, R6, -0x1, RZ ;                       /* 0xffffffff06027810 */
                                                                                  /* 0x000fe40007ffe0ff */
        /*00d0*/                   MOV R4, 0x4 ;                                  /* 0x0000000400047802 */
                                                                                  /* 0x000fe40000000f00 */
        /*00e0*/                   ISETP.GE.U32.AND P0, PT, R2, 0x3, PT ;         /* 0x000000030200780c */
                                                                                  /* 0x000fc60003f06070 */
        /*00f0*/                   IMAD.WIDE R4, R3, R4, c[0x0][0x160] ;          /* 0x0000580003047625 */
                                                                                  /* 0x000fe200078e0204 */
        /*0100*/                   LOP3.LUT R2, R6, 0x3, RZ, 0xc0, !PT ;          /* 0x0000000306027812 */
                                                                                  /* 0x000fe400078ec0ff */
        /*0110*/                   MOV R7, 0x3f800000 ;                           /* 0x3f80000000077802 */
                                                                                  /* 0x000fc60000000f00 */
        /*0120*/                   LDG.E R4, [R4.64] ;                            /* 0x0000000404047981 */
                                                                                  /* 0x000168000c1e1900 */
        /*0130*/              @!P0 BRA 0x440 ;                                    /* 0x0000030000008947 */
                                                                                  /* 0x000fea0003800000 */
        /*0140*/                   IADD3 R5, -R2, c[0x0][0x170], RZ ;             /* 0x00005c0002057a10 */
                                                                                  /* 0x001fe40007ffe1ff */
        /*0150*/                   MOV R7, 0x3f800000 ;                           /* 0x3f80000000077802 */
                                                                                  /* 0x000fe40000000f00 */
        /*0160*/                   ISETP.GT.AND P0, PT, R5, RZ, PT ;              /* 0x000000ff0500720c */
                                                                                  /* 0x000fda0003f04270 */
        /*0170*/              @!P0 BRA 0x3d0 ;                                    /* 0x0000025000008947 */
                                                                                  /* 0x000fea0003800000 */
        /*0180*/                   ISETP.GT.AND P1, PT, R5, 0xc, PT ;             /* 0x0000000c0500780c */
                                                                                  /* 0x000fe40003f24270 */
        /*0190*/                   PLOP3.LUT P0, PT, PT, PT, PT, 0x80, 0x0 ;      /* 0x000000000000781c */
                                                                                  /* 0x000fd60003f0f070 */
        /*01a0*/              @!P1 BRA 0x2f0 ;                                    /* 0x0000014000009947 */
                                                                                  /* 0x000fea0003800000 */
        /*01b0*/                   PLOP3.LUT P0, PT, PT, PT, PT, 0x8, 0x0 ;       /* 0x000000000000781c */
                                                                                  /* 0x000fe40003f0e170 */
        /*01c0*/                   FFMA R7, R4, R7, 0.5 ;                         /* 0x3f00000004077423 */
                                                                                  /* 0x020fe20000000007 */
        /*01d0*/                   IADD3 R5, R5, -0x10, RZ ;                      /* 0xfffffff005057810 */
                                                                                  /* 0x000fc60007ffe0ff */
        /*01e0*/                   FFMA R7, R4, R7, 0.5 ;                         /* 0x3f00000004077423 */
                                                                                  /* 0x000fe20000000007 */
        /*01f0*/                   ISETP.GT.AND P1, PT, R5, 0xc, PT ;             /* 0x0000000c0500780c */
                                                                                  /* 0x000fc60003f24270 */
        /*0200*/                   FFMA R7, R4, R7, 0.5 ;                         /* 0x3f00000004077423 */
                                                                                  /* 0x000fc80000000007 */
        /*0210*/                   FFMA R7, R4, R7, 0.5 ;                         /* 0x3f00000004077423 */
                                                                                  /* 0x000fc80000000007 */
        /*0220*/                   FFMA R7, R4, R7, 0.5 ;                         /* 0x3f00000004077423 */
                                                                                  /* 0x000fc80000000007 */
        /*0230*/                   FFMA R7, R4, R7, 0.5 ;                         /* 0x3f00000004077423 */
                                                                                  /* 0x000fc80000000007 */
        /*0240*/                   FFMA R7, R4, R7, 0.5 ;                         /* 0x3f00000004077423 */
                                                                                  /* 0x000fc80000000007 */
        /*0250*/                   FFMA R7, R4, R7, 0.5 ;                         /* 0x3f00000004077423 */
                                                                                  /* 0x000fc80000000007 */
        /*0260*/                   FFMA R7, R4, R7, 0.5 ;                         /* 0x3f00000004077423 */
                                                                                  /* 0x000fc80000000007 */
        /*0270*/                   FFMA R7, R4, R7, 0.5 ;                         /* 0x3f00000004077423 */
                                                                                  /* 0x000fc80000000007 */
        /*0280*/                   FFMA R7, R4, R7, 0.5 ;                         /* 0x3f00000004077423 */
                                                                                  /* 0x000fc80000000007 */
        /*0290*/                   FFMA R7, R4, R7, 0.5 ;                         /* 0x3f00000004077423 */
                                                                                  /* 0x000fc80000000007 */
        /*02a0*/                   FFMA R7, R4, R7, 0.5 ;                         /* 0x3f00000004077423 */
                                                                                  /* 0x000fc80000000007 */
        /*02b0*/                   FFMA R7, R4, R7, 0.5 ;                         /* 0x3f00000004077423 */
                                                                                  /* 0x000fc80000000007 */
        /*02c0*/                   FFMA R7, R4, R7, 0.5 ;                         /* 0x3f00000004077423 */
                                                                                  /* 0x000fc80000000007 */
        /*02d0*/                   FFMA R7, R4, R7, 0.5 ;                         /* 0x3f00000004077423 */
                                                                                  /* 0x000fe20000000007 */
        /*02e0*/               @P1 BRA 0x1c0 ;                                    /* 0xfffffed000001947 */
                                                                                  /* 0x000fea000383ffff */
        /*02f0*/                   ISETP.GT.AND P1, PT, R5, 0x4, PT ;             /* 0x000000040500780c */
                                                                                  /* 0x000fda0003f24270 */
        /*0300*/              @!P1 BRA 0x3b0 ;                                    /* 0x000000a000009947 */
                                                                                  /* 0x000fea0003800000 */
        /*0310*/                   FFMA R7, R4.reuse, R7, 0.5 ;                   /* 0x3f00000004077423 */
                                                                                  /* 0x060fe20000000007 */
        /*0320*/                   PLOP3.LUT P0, PT, PT, PT, PT, 0x8, 0x0 ;       /* 0x000000000000781c */
                                                                                  /* 0x000fe40003f0e170 */
        /*0330*/                   IADD3 R5, R5, -0x8, RZ ;                       /* 0xfffffff805057810 */
                                                                                  /* 0x000fe20007ffe0ff */
        /*0340*/                   FFMA R7, R4, R7, 0.5 ;                         /* 0x3f00000004077423 */
                                                                                  /* 0x000fc80000000007 */
        /*0350*/                   FFMA R7, R4, R7, 0.5 ;                         /* 0x3f00000004077423 */
                                                                                  /* 0x000fc80000000007 */
        /*0360*/                   FFMA R7, R4, R7, 0.5 ;                         /* 0x3f00000004077423 */
                                                                                  /* 0x000fc80000000007 */
        /*0370*/                   FFMA R7, R4, R7, 0.5 ;                         /* 0x3f00000004077423 */
                                                                                  /* 0x000fc80000000007 */
        /*0380*/                   FFMA R7, R4, R7, 0.5 ;                         /* 0x3f00000004077423 */
                                                                                  /* 0x000fc80000000007 */
        /*0390*/                   FFMA R7, R4, R7, 0.5 ;                         /* 0x3f00000004077423 */
                                                                                  /* 0x000fc80000000007 */
        /*03a0*/                   FFMA R7, R4, R7, 0.5 ;                         /* 0x3f00000004077423 */
                                                                                  /* 0x000fe20000000007 */
        /*03b0*/                   ISETP.NE.OR P0, PT, R5, RZ, P0 ;               /* 0x000000ff0500720c */
                                                                                  /* 0x000fda0000705670 */
        /*03c0*/              @!P0 BRA 0x440 ;                                    /* 0x0000007000008947 */
                                                                                  /* 0x000fea0003800000 */
        /*03d0*/                   IADD3 R5, R5, -0x4, RZ ;                       /* 0xfffffffc05057810 */
                                                                                  /* 0x000fe20007ffe0ff */
        /*03e0*/                   FFMA R7, R4, R7, 0.5 ;                         /* 0x3f00000004077423 */
                                                                                  /* 0x020fc60000000007 */
        /*03f0*/                   ISETP.NE.AND P0, PT, R5, RZ, PT ;              /* 0x000000ff0500720c */
                                                                                  /* 0x000fe20003f05270 */
        /*0400*/                   FFMA R7, R4, R7, 0.5 ;                         /* 0x3f00000004077423 */
                                                                                  /* 0x000fc80000000007 */
        /*0410*/                   FFMA R7, R4, R7, 0.5 ;                         /* 0x3f00000004077423 */
                                                                                  /* 0x000fc80000000007 */
        /*0420*/                   FFMA R7, R4, R7, 0.5 ;                         /* 0x3f00000004077423 */
                                                                                  /* 0x000fc80000000007 */
        /*0430*/               @P0 BRA 0x3d0 ;                                    /* 0xffffff9000000947 */
                                                                                  /* 0x000fea000383ffff */
        /*0440*/                   ISETP.NE.AND P0, PT, R2, RZ, PT ;              /* 0x000000ff0200720c */
                                                                                  /* 0x000fda0003f05270 */
        /*0450*/              @!P0 BRA 0x4a0 ;                                    /* 0x0000004000008947 */
                                                                                  /* 0x000fea0003800000 */
        /*0460*/                   IADD3 R2, R2, -0x1, RZ ;                       /* 0xffffffff02027810 */
                                                                                  /* 0x000fe20007ffe0ff */
        /*0470*/                   FFMA R7, R4, R7, 0.5 ;                         /* 0x3f00000004077423 */
                                                                                  /* 0x020fc60000000007 */
        /*0480*/                   ISETP.NE.AND P0, PT, R2, RZ, PT ;              /* 0x000000ff0200720c */
                                                                                  /* 0x000fda0003f05270 */
        /*0490*/               @P0 BRA 0x460 ;                                    /* 0xffffffc000000947 */
                                                                                  /* 0x000fea000383ffff */
        /*04a0*/                   LEA R2, P0, R3, c[0x0][0x168], 0x2 ;           /* 0x00005a0003027a11 */
                                                                                  /* 0x000fc800078010ff */
        /*04b0*/                   LEA.HI.X R3, R3, c[0x0][0x16c], R0, 0x2, P0 ;  /* 0x00005b0003037a11 */
                                                                                  /* 0x000fca00000f1400 */
        /*04c0*/                   STG.E [R2.64], R7 ;                            /* 0x0000000702007986 */
                                                                                  /* 0x000fe2000c101904 */
        /*04d0*/                   EXIT ;                                         /* 0x000000000000794d */
                                                                                  /* 0x000fea0003800000 */
        /*04e0*/                   BRA 0x4e0;                                     /* 0xfffffff000007947 */
                                                                                  /* 0x000fc0000383ffff */
        /*04f0*/                   NOP;                                           /* 0x0000000000007918 */
                                                                                  /* 0x000fc00000000000 */
        /*0500*/                   NOP;                                           /* 0x0000000000007918 */
                                                                                  /* 0x000fc00000000000 */
        /*0510*/                   NOP;                                           /* 0x0000000000007918 */
                                                                                  /* 0x000fc00000000000 */
        /*0520*/                   NOP;                                           /* 0x0000000000007918 */
                                                                                  /* 0x000fc00000000000 */
        /*0530*/                   NOP;                                           /* 0x0000000000007918 */
                                                                                  /* 0x000fc00000000000 */
        /*0540*/                   NOP;                                           /* 0x0000000000007918 */
                                                                                  /* 0x000fc00000000000 */
        /*0550*/                   NOP;                                           /* 0x0000000000007918 */
                                                                                  /* 0x000fc00000000000 */
        /*0560*/                   NOP;                                           /* 0x0000000000007918 */
                                                                                  /* 0x000fc00000000000 */
        /*0570*/                   NOP;                                           /* 0x0000000000007918 */
                                                                                  /* 0x000fc00000000000 */
		..........


		Function : _Z11elementwisePKfPfi
	.headerflags	@"EF_CUDA_TEXMODE_UNIFIED EF_CUDA_64BIT_ADDRESS EF_CUDA_SM89 EF_CUDA_VIRTUAL_SM(EF_CUDA_SM89)"
        /*0000*/                   MOV R1, c[0x0][0x28] ;                         /* 0x00000a0000017a02 */
                                                                                  /* 0x000fe40000000f00 */
        /*0010*/                   S2R R4, SR_CTAID.X ;                           /* 0x0000000000047919 */
                                                                                  /* 0x000e280000002500 */
        /*0020*/                   S2R R3, SR_TID.X ;                             /* 0x0000000000037919 */
                                                                                  /* 0x000e240000002100 */
        /*0030*/                   IMAD R4, R4, c[0x0][0x0], R3 ;                 /* 0x0000000004047a24 */
                                                                                  /* 0x001fca00078e0203 */
        /*0040*/                   ISETP.GE.AND P0, PT, R4, c[0x0][0x170], PT ;   /* 0x00005c0004007a0c */
                                                                                  /* 0x000fda0003f06270 */
        /*0050*/               @P0 EXIT ;                                         /* 0x000000000000094d */
                                                                                  /* 0x000fea0003800000 */
        /*0060*/                   MOV R5, 0x4 ;                                  /* 0x0000000400057802 */
                                                                                  /* 0x000fe20000000f00 */
        /*0070*/                   ULDC.64 UR4, c[0x0][0x118] ;                   /* 0x0000460000047ab9 */
                                                                                  /* 0x000fc80000000a00 */
        /*0080*/                   IMAD.WIDE R2, R4, R5, c[0x0][0x160] ;          /* 0x0000580004027625 */
                                                                                  /* 0x000fcc00078e0205 */
        /*0090*/                   LDG.E R2, [R2.64] ;                            /* 0x0000000402027981 */
                                                                                  /* 0x000ea2000c1e1900 */
        /*00a0*/                   MOV R7, 0x3e800000 ;                           /* 0x3e80000000077802 */
                                                                                  /* 0x000fe20000000f00 */
        /*00b0*/                   IMAD.WIDE R4, R4, R5, c[0x0][0x168] ;          /* 0x00005a0004047625 */
                                                                                  /* 0x000fc800078e0205 */
        /*00c0*/                   FFMA R7, R2, R7, 0.10000000149011611938 ;      /* 0x3dcccccd02077423 */
                                                                                  /* 0x004fca0000000007 */
        /*00d0*/                   STG.E [R4.64], R7 ;                            /* 0x0000000704007986 */
                                                                                  /* 0x000fe2000c101904 */
        /*00e0*/                   EXIT ;                                         /* 0x000000000000794d */
                                                                                  /* 0x000fea0003800000 */
        /*00f0*/                   BRA 0xf0;                                      /* 0xfffffff000007947 */
                                                                                  /* 0x000fc0000383ffff */
        /*0100*/                   NOP;                                           /* 0x0000000000007918 */
                                                                                  /* 0x000fc00000000000 */
        /*0110*/                   NOP;                                           /* 0x0000000000007918 */
                                                                                  /* 0x000fc00000000000 */
        /*0120*/                   NOP;                                           /* 0x0000000000007918 */
                                                                                  /* 0x000fc00000000000 */
        /*0130*/                   NOP;                                           /* 0x0000000000007918 */
                                                                                  /* 0x000fc00000000000 */
        /*0140*/                   NOP;                                           /* 0x0000000000007918 */
                                                                                  /* 0x000fc00000000000 */
        /*0150*/                   NOP;                                           /* 0x0000000000007918 */
                                                                                  /* 0x000fc00000000000 */
        /*0160*/                   NOP;                                           /* 0x0000000000007918 */
                                                                                  /* 0x000fc00000000000 */
        /*0170*/                   NOP;                                           /* 0x0000000000007918 */
                                                                                  /* 0x000fc00000000000 */
		..........



Fatbin ptx code:
================
arch = sm_89
code version = [8,5]
host = linux
compile_size = 64bit
compressed
ptxasOptions = 
