WARNING: module-info.class ignored in patch: /home/michalis/tornadovm-devoxx2026-cuda-demos/vendor/tornadovm/dist/tornadovm-6.1.1-jdk22plus-dev-cuda-linux-amd64/tornadovm-6.1.1-jdk22plus-dev-cuda/share/java/jvmci/jvmci-21.0.2.jar
WARNING: A terminally deprecated method in sun.misc.Unsafe has been called
WARNING: sun.misc.Unsafe::objectFieldOffset has been called by uk.ac.manchester.tornado.runtime.TornadoVMConfigAccess (file:/home/michalis/tornadovm-devoxx2026-cuda-demos/vendor/tornadovm/dist/tornadovm-6.1.1-jdk22plus-dev-cuda-linux-amd64/tornadovm-6.1.1-jdk22plus-dev-cuda/share/java/tornado/tornado-runtime-6.1.1-jdk22plus-dev.jar)
WARNING: Please consider reporting this to the maintainers of class uk.ac.manchester.tornado.runtime.TornadoVMConfigAccess
WARNING: sun.misc.Unsafe::objectFieldOffset will be removed in a future release
CuTileRowScan: 8 rows x 1000 cols, tile width 128, 8 tiles per row
CuTileRowScan: last tile of each row has 24 padded lane(s) handled by loadMasked/storeMasked
#include "cuda_tile.h"
namespace ct = cuda::tiles;
using namespace ct::literals;
extern "C" __tile_global__ void rowScan(long long *_kernel_context, unsigned char *_constant_region, unsigned char *_local_region, int *_atomics, unsigned char *arg1, unsigned char *arg2, unsigned char *arg3, int arg4, int arg5, int arg6)
{
  unsigned long long ul_0, ul_1, ul_2; 
  int i_6; 

  // BLOCK 0
  ul_0  =  (unsigned long long) arg1;
  ul_1  =  (unsigned long long) arg2;
  ul_2  =  (unsigned long long) arg3;
  auto tview_3 = ct::partition_view{ct::tensor_span{ct::assume_aligned(reinterpret_cast<float *>(ul_0 + 16), 16_ic), ct::extents{8, 1000}}, ct::shape{1_ic, 128_ic}};
  auto tview_4 = ct::partition_view{ct::tensor_span{ct::assume_aligned(reinterpret_cast<float *>(ul_1 + 16), 16_ic), ct::extents{8, 1000}}, ct::shape{1_ic, 128_ic}};
  auto tview_5 = ct::partition_view{ct::tensor_span{ct::assume_aligned(reinterpret_cast<float *>(ul_2 + 16), 16_ic), ct::extents{8, 1}}, ct::shape{1_ic, 1_ic}};
  i_6 = ct::bid().x;
  ct::tile<float, ct::shape<1, 1>> tile_7 = ct::full<ct::tile<float, ct::shape<1, 1>>>(0.0f);
  auto tile_8 = tview_3.load_masked(i_6, 0);
  auto tile_9 = ct::partial_sum(tile_8, 1_ic);
  auto tile_10 = tile_9 + tile_7;
  tview_4.store_masked(tile_10, i_6, 0);
  auto tile_11 = ct::sum(tile_8, 1_ic);
  auto tile_12 = tile_7 + tile_11;
  auto tile_13 = tview_3.load_masked(i_6, 1);
  auto tile_14 = ct::partial_sum(tile_13, 1_ic);
  auto tile_15 = tile_14 + tile_12;
  tview_4.store_masked(tile_15, i_6, 1);
  auto tile_16 = ct::sum(tile_13, 1_ic);
  auto tile_17 = tile_12 + tile_16;
  auto tile_18 = tview_3.load_masked(i_6, 2);
  auto tile_19 = ct::partial_sum(tile_18, 1_ic);
  auto tile_20 = tile_19 + tile_17;
  tview_4.store_masked(tile_20, i_6, 2);
  auto tile_21 = ct::sum(tile_18, 1_ic);
  auto tile_22 = tile_17 + tile_21;
  auto tile_23 = tview_3.load_masked(i_6, 3);
  auto tile_24 = ct::partial_sum(tile_23, 1_ic);
  auto tile_25 = tile_24 + tile_22;
  tview_4.store_masked(tile_25, i_6, 3);
  auto tile_26 = ct::sum(tile_23, 1_ic);
  auto tile_27 = tile_22 + tile_26;
  auto tile_28 = tview_3.load_masked(i_6, 4);
  auto tile_29 = ct::partial_sum(tile_28, 1_ic);
  auto tile_30 = tile_29 + tile_27;
  tview_4.store_masked(tile_30, i_6, 4);
  auto tile_31 = ct::sum(tile_28, 1_ic);
  auto tile_32 = tile_27 + tile_31;
  auto tile_33 = tview_3.load_masked(i_6, 5);
  auto tile_34 = ct::partial_sum(tile_33, 1_ic);
  auto tile_35 = tile_34 + tile_32;
  tview_4.store_masked(tile_35, i_6, 5);
  auto tile_36 = ct::sum(tile_33, 1_ic);
  auto tile_37 = tile_32 + tile_36;
  auto tile_38 = tview_3.load_masked(i_6, 6);
  auto tile_39 = ct::partial_sum(tile_38, 1_ic);
  auto tile_40 = tile_39 + tile_37;
  tview_4.store_masked(tile_40, i_6, 6);
  auto tile_41 = ct::sum(tile_38, 1_ic);
  auto tile_42 = tile_37 + tile_41;
  auto tile_43 = tview_3.load_masked(i_6, 7);
  auto tile_44 = ct::partial_sum(tile_43, 1_ic);
  auto tile_45 = tile_44 + tile_42;
  tview_4.store_masked(tile_45, i_6, 7);
  auto tile_46 = ct::sum(tile_43, 1_ic);
  auto tile_47 = tile_42 + tile_46;
  tview_5.store(tile_47, i_6, 0);
  return;
}  //  kernel

CuTileRowScan: scan mismatches 0/8000, row-total mismatches 0/8
CuTileRowScan: result is correct (bit-exact prefix sums and row totals)
