WARNING: module-info.class ignored in patch: /home/michalis/.sdkman/candidates/tornadovm/6.0.0-jdk22plus-cuda/share/java/jvmci/jvmci-21.0.2.jar
size=4096 stages=6 executions=50 mode=both

=== NOGRAPH (plain execute) ===
WARNING: A terminally deprecated method in sun.misc.Unsafe has been called
WARNING: sun.misc.Unsafe::objectFieldOffset has been called by uk.ac.manchester.tornado.runtime.TornadoVMConfigAccess (file:/home/michalis/.sdkman/candidates/tornadovm/6.0.0-jdk22plus-cuda/share/java/tornado/tornado-runtime-6.0.0.jar)
WARNING: Please consider reporting this to the maintainers of class uk.ac.manchester.tornado.runtime.TornadoVMConfigAccess
WARNING: sun.misc.Unsafe::objectFieldOffset will be removed in a future release
execution 0: correct, wall=134419 us
execution 1: correct, wall=1384 us
execution 2: correct, wall=1166 us
execution 49: correct, wall=187 us
NOGRAPH (plain execute) first execution (JIT compile): 134419 us
NOGRAPH (plain execute) steady-state median wall-clock (excl. first execution, n=49): 336 us
NOGRAPH (plain execute): All executions correct

=== GRAPH (withCUDAGraph) ===
execution 0: correct, wall=30865 us
execution 1: correct, wall=76 us
execution 2: correct, wall=41 us
execution 49: correct, wall=37 us
GRAPH (withCUDAGraph) first execution (JIT compile + graph capture): 30865 us
GRAPH (withCUDAGraph) steady-state median wall-clock (excl. first execution, n=49): 40 us
GRAPH (withCUDAGraph): All executions correct

steady-state median: nograph=336.4 us, graph=40.5 us, speedup=8.31x
